Archive member included to satisfy reference by file (symbol)

/opt/st/stm32cubeide_1.11.0/plugins/com.st.stm32cube.ide.mcu.externaltools.gnu-tools-for-stm32.10.3-2021.10.linux64_1.0.100.202210260954/tools/bin/../lib/gcc/arm-none-eabi/10.3.1/../../../../arm-none-eabi/lib/thumb/v7e-m+fp/hard/libc_nano.a(lib_a-errno.o)
                              ./Core/Src/syscalls.o (__errno)
/opt/st/stm32cubeide_1.11.0/plugins/com.st.stm32cube.ide.mcu.externaltools.gnu-tools-for-stm32.10.3-2021.10.linux64_1.0.100.202210260954/tools/bin/../lib/gcc/arm-none-eabi/10.3.1/../../../../arm-none-eabi/lib/thumb/v7e-m+fp/hard/libc_nano.a(lib_a-exit.o)
                              /opt/st/stm32cubeide_1.11.0/plugins/com.st.stm32cube.ide.mcu.externaltools.gnu-tools-for-stm32.10.3-2021.10.linux64_1.0.100.202210260954/tools/bin/../lib/gcc/arm-none-eabi/10.3.1/../../../../arm-none-eabi/lib/thumb/v7e-m+fp/hard/crt0.o (exit)
/opt/st/stm32cubeide_1.11.0/plugins/com.st.stm32cube.ide.mcu.externaltools.gnu-tools-for-stm32.10.3-2021.10.linux64_1.0.100.202210260954/tools/bin/../lib/gcc/arm-none-eabi/10.3.1/../../../../arm-none-eabi/lib/thumb/v7e-m+fp/hard/libc_nano.a(lib_a-impure.o)
                              /opt/st/stm32cubeide_1.11.0/plugins/com.st.stm32cube.ide.mcu.externaltools.gnu-tools-for-stm32.10.3-2021.10.linux64_1.0.100.202210260954/tools/bin/../lib/gcc/arm-none-eabi/10.3.1/../../../../arm-none-eabi/lib/thumb/v7e-m+fp/hard/libc_nano.a(lib_a-exit.o) (_global_impure_ptr)
/opt/st/stm32cubeide_1.11.0/plugins/com.st.stm32cube.ide.mcu.externaltools.gnu-tools-for-stm32.10.3-2021.10.linux64_1.0.100.202210260954/tools/bin/../lib/gcc/arm-none-eabi/10.3.1/../../../../arm-none-eabi/lib/thumb/v7e-m+fp/hard/libc_nano.a(lib_a-init.o)
                              /opt/st/stm32cubeide_1.11.0/plugins/com.st.stm32cube.ide.mcu.externaltools.gnu-tools-for-stm32.10.3-2021.10.linux64_1.0.100.202210260954/tools/bin/../lib/gcc/arm-none-eabi/10.3.1/../../../../arm-none-eabi/lib/thumb/v7e-m+fp/hard/crt0.o (__libc_init_array)
/opt/st/stm32cubeide_1.11.0/plugins/com.st.stm32cube.ide.mcu.externaltools.gnu-tools-for-stm32.10.3-2021.10.linux64_1.0.100.202210260954/tools/bin/../lib/gcc/arm-none-eabi/10.3.1/../../../../arm-none-eabi/lib/thumb/v7e-m+fp/hard/libc_nano.a(lib_a-memset.o)
                              /opt/st/stm32cubeide_1.11.0/plugins/com.st.stm32cube.ide.mcu.externaltools.gnu-tools-for-stm32.10.3-2021.10.linux64_1.0.100.202210260954/tools/bin/../lib/gcc/arm-none-eabi/10.3.1/../../../../arm-none-eabi/lib/thumb/v7e-m+fp/hard/crt0.o (memset)
/opt/st/stm32cubeide_1.11.0/plugins/com.st.stm32cube.ide.mcu.externaltools.gnu-tools-for-stm32.10.3-2021.10.linux64_1.0.100.202210260954/tools/bin/../lib/gcc/arm-none-eabi/10.3.1/thumb/v7e-m+fp/hard/libgcc.a(_aeabi_uldivmod.o)
                              ./Drivers/STM32G4xx_HAL_Driver/Src/stm32g4xx_hal_uart.o (__aeabi_uldivmod)
/opt/st/stm32cubeide_1.11.0/plugins/com.st.stm32cube.ide.mcu.externaltools.gnu-tools-for-stm32.10.3-2021.10.linux64_1.0.100.202210260954/tools/bin/../lib/gcc/arm-none-eabi/10.3.1/thumb/v7e-m+fp/hard/libgcc.a(_udivmoddi4.o)
                              /opt/st/stm32cubeide_1.11.0/plugins/com.st.stm32cube.ide.mcu.externaltools.gnu-tools-for-stm32.10.3-2021.10.linux64_1.0.100.202210260954/tools/bin/../lib/gcc/arm-none-eabi/10.3.1/thumb/v7e-m+fp/hard/libgcc.a(_aeabi_uldivmod.o) (__udivmoddi4)
/opt/st/stm32cubeide_1.11.0/plugins/com.st.stm32cube.ide.mcu.externaltools.gnu-tools-for-stm32.10.3-2021.10.linux64_1.0.100.202210260954/tools/bin/../lib/gcc/arm-none-eabi/10.3.1/thumb/v7e-m+fp/hard/libgcc.a(_dvmd_tls.o)
                              /opt/st/stm32cubeide_1.11.0/plugins/com.st.stm32cube.ide.mcu.externaltools.gnu-tools-for-stm32.10.3-2021.10.linux64_1.0.100.202210260954/tools/bin/../lib/gcc/arm-none-eabi/10.3.1/thumb/v7e-m+fp/hard/libgcc.a(_aeabi_uldivmod.o) (__aeabi_ldiv0)

Discarded input sections

 .text          0x0000000000000000        0x0 /opt/st/stm32cubeide_1.11.0/plugins/com.st.stm32cube.ide.mcu.externaltools.gnu-tools-for-stm32.10.3-2021.10.linux64_1.0.100.202210260954/tools/bin/../lib/gcc/arm-none-eabi/10.3.1/thumb/v7e-m+fp/hard/crti.o
 .data          0x0000000000000000        0x0 /opt/st/stm32cubeide_1.11.0/plugins/com.st.stm32cube.ide.mcu.externaltools.gnu-tools-for-stm32.10.3-2021.10.linux64_1.0.100.202210260954/tools/bin/../lib/gcc/arm-none-eabi/10.3.1/thumb/v7e-m+fp/hard/crti.o
 .bss           0x0000000000000000        0x0 /opt/st/stm32cubeide_1.11.0/plugins/com.st.stm32cube.ide.mcu.externaltools.gnu-tools-for-stm32.10.3-2021.10.linux64_1.0.100.202210260954/tools/bin/../lib/gcc/arm-none-eabi/10.3.1/thumb/v7e-m+fp/hard/crti.o
 .data          0x0000000000000000        0x4 /opt/st/stm32cubeide_1.11.0/plugins/com.st.stm32cube.ide.mcu.externaltools.gnu-tools-for-stm32.10.3-2021.10.linux64_1.0.100.202210260954/tools/bin/../lib/gcc/arm-none-eabi/10.3.1/thumb/v7e-m+fp/hard/crtbegin.o
[...]
Memory Configuration

Name             Origin             Length             Attributes
RAM              0x0000000020000000 0x0000000000008000 xrw
FLASH            0x0000000008000000 0x0000000000020000 xr
*default*        0x0000000000000000 0xffffffffffffffff

Linker script and memory map

LOAD /opt/st/stm32cubeide_1.11.0/plugins/com.st.stm32cube.ide.mcu.externaltools.gnu-tools-for-stm32.10.3-2021.10.linux64_1.0.100.202210260954/tools/bin/../lib/gcc/arm-none-eabi/10.3.1/thumb/v7e-m+fp/hard/crti.o
LOAD /opt/st/stm32cubeide_1.11.0/plugins/com.st.stm32cube.ide.mcu.externaltools.gnu-tools-for-stm32.10.3-2021.10.linux64_1.0.100.202210260954/tools/bin/../lib/gcc/arm-none-eabi/10.3.1/thumb/v7e-m+fp/hard/crtbegin.o
LOAD /opt/st/stm32cubeide_1.11.0/plugins/com.st.stm32cube.ide.mcu.externaltools.gnu-tools-for-stm32.10.3-2021.10.linux64_1.0.100.202210260954/tools/bin/../lib/gcc/arm-none-eabi/10.3.1/../../../../arm-none-eabi/lib/thumb/v7e-m+fp/hard/crt0.o
LOAD ./Core/Src/main.o
LOAD ./Core/Src/stm32g4xx_hal_msp.o
LOAD ./Core/Src/stm32g4xx_it.o
LOAD ./Core/Src/syscalls.o
LOAD ./Core/Src/sysmem.o
LOAD ./Core/Src/system_stm32g4xx.o
LOAD ./Core/Startup/startup_stm32g431cbtx.o
LOAD ./Drivers/STM32G4xx_HAL_Driver/Src/stm32g4xx_hal.o
LOAD ./Drivers/STM32G4xx_HAL_Driver/Src/stm32g4xx_hal_adc.o
LOAD ./Drivers/STM32G4xx_HAL_Driver/Src/stm32g4xx_hal_adc_ex.o
LOAD ./Drivers/STM32G4xx_HAL_Driver/Src/stm32g4xx_hal_cortex.o
LOAD ./Drivers/STM32G4xx_HAL_Driver/Src/stm32g4xx_hal_dac.o
LOAD ./Drivers/STM32G4xx_HAL_Driver/Src/stm32g4xx_hal_dac_ex.o
LOAD ./Drivers/STM32G4xx_HAL_Driver/Src/stm32g4xx_hal_dma.o
LOAD ./Drivers/STM32G4xx_HAL_Driver/Src/stm32g4xx_hal_dma_ex.o
LOAD ./Drivers/STM32G4xx_HAL_Driver/Src/stm32g4xx_hal_exti.o
LOAD ./Drivers/STM32G4xx_HAL_Driver/Src/stm32g4xx_hal_fdcan.o
LOAD ./Drivers/STM32G4xx_HAL_Driver/Src/stm32g4xx_hal_flash.o
LOAD ./Drivers/STM32G4xx_HAL_Driver/Src/stm32g4xx_hal_flash_ex.o
LOAD ./Drivers/STM32G4xx_HAL_Driver/Src/stm32g4xx_hal_flash_ramfunc.o
LOAD ./Drivers/STM32G4xx_HAL_Driver/Src/stm32g4xx_hal_gpio.o
LOAD ./Drivers/STM32G4xx_HAL_Driver/Src/stm32g4xx_hal_i2c.o
LOAD ./Drivers/STM32G4xx_HAL_Driver/Src/stm32g4xx_hal_i2c_ex.o
LOAD ./Drivers/STM32G4xx_HAL_Driver/Src/stm32g4xx_hal_pwr.o
LOAD ./Drivers/STM32G4xx_HAL_Driver/Src/stm32g4xx_hal_pwr_ex.o
LOAD ./Drivers/STM32G4xx_HAL_Driver/Src/stm32g4xx_hal_rcc.o
LOAD ./Drivers/STM32G4xx_HAL_Driver/Src/stm32g4xx_hal_rcc_ex.o
LOAD ./Drivers/STM32G4xx_HAL_Driver/Src/stm32g4xx_hal_tim.o
LOAD ./Drivers/STM32G4xx_HAL_Driver/Src/stm32g4xx_hal_tim_ex.o
LOAD ./Drivers/STM32G4xx_HAL_Driver/Src/stm32g4xx_hal_uart.o
LOAD ./Drivers/STM32G4xx_HAL_Driver/Src/stm32g4xx_hal_uart_ex.o
LOAD ./Drivers/STM32G4xx_HAL_Driver/Src/stm32g4xx_ll_adc.o
START GROUP
LOAD /opt/st/stm32cubeide_1.11.0/plugins/com.st.stm32cube.ide.mcu.externaltools.gnu-tools-for-stm32.10.3-2021.10.linux64_1.0.100.202210260954/tools/bin/../lib/gcc/arm-none-eabi/10.3.1/../../../../arm-none-eabi/lib/thumb/v7e-m+fp/hard/libc_nano.a
LOAD /opt/st/stm32cubeide_1.11.0/plugins/com.st.stm32cube.ide.mcu.externaltools.gnu-tools-for-stm32.10.3-2021.10.linux64_1.0.100.202210260954/tools/bin/../lib/gcc/arm-none-eabi/10.3.1/../../../../arm-none-eabi/lib/thumb/v7e-m+fp/hard/libm.a
END GROUP
START GROUP
LOAD /opt/st/stm32cubeide_1.11.0/plugins/com.st.stm32cube.ide.mcu.externaltools.gnu-tools-for-stm32.10.3-2021.10.linux64_1.0.100.202210260954/tools/bin/../lib/gcc/arm-none-eabi/10.3.1/thumb/v7e-m+fp/hard/libgcc.a
LOAD /opt/st/stm32cubeide_1.11.0/plugins/com.st.stm32cube.ide.mcu.externaltools.gnu-tools-for-stm32.10.3-2021.10.linux64_1.0.100.202210260954/tools/bin/../lib/gcc/arm-none-eabi/10.3.1/../../../../arm-none-eabi/lib/thumb/v7e-m+fp/hard/libc_nano.a
END GROUP
START GROUP
LOAD /opt/st/stm32cubeide_1.11.0/plugins/com.st.stm32cube.ide.mcu.externaltools.gnu-tools-for-stm32.10.3-2021.10.linux64_1.0.100.202210260954/tools/bin/../lib/gcc/arm-none-eabi/10.3.1/thumb/v7e-m+fp/hard/libgcc.a
LOAD /opt/st/stm32cubeide_1.11.0/plugins/com.st.stm32cube.ide.mcu.externaltools.gnu-tools-for-stm32.10.3-2021.10.linux64_1.0.100.202210260954/tools/bin/../lib/gcc/arm-none-eabi/10.3.1/../../../../arm-none-eabi/lib/thumb/v7e-m+fp/hard/libc_nano.a
LOAD /opt/st/stm32cubeide_1.11.0/plugins/com.st.stm32cube.ide.mcu.externaltools.gnu-tools-for-stm32.10.3-2021.10.linux64_1.0.100.202210260954/tools/bin/../lib/gcc/arm-none-eabi/10.3.1/../../../../arm-none-eabi/lib/thumb/v7e-m+fp/hard/libnosys.a
END GROUP
START GROUP
LOAD /opt/st/stm32cubeide_1.11.0/plugins/com.st.stm32cube.ide.mcu.externaltools.gnu-tools-for-stm32.10.3-2021.10.linux64_1.0.100.202210260954/tools/bin/../lib/gcc/arm-none-eabi/10.3.1/thumb/v7e-m+fp/hard/libgcc.a
LOAD /opt/st/stm32cubeide_1.11.0/plugins/com.st.stm32cube.ide.mcu.externaltools.gnu-tools-for-stm32.10.3-2021.10.linux64_1.0.100.202210260954/tools/bin/../lib/gcc/arm-none-eabi/10.3.1/../../../../arm-none-eabi/lib/thumb/v7e-m+fp/hard/libc_nano.a
LOAD /opt/st/stm32cubeide_1.11.0/plugins/com.st.stm32cube.ide.mcu.externaltools.gnu-tools-for-stm32.10.3-2021.10.linux64_1.0.100.202210260954/tools/bin/../lib/gcc/arm-none-eabi/10.3.1/../../../../arm-none-eabi/lib/thumb/v7e-m+fp/hard/libnosys.a
END GROUP
LOAD /opt/st/stm32cubeide_1.11.0/plugins/com.st.stm32cube.ide.mcu.externaltools.gnu-tools-for-stm32.10.3-2021.10.linux64_1.0.100.202210260954/tools/bin/../lib/gcc/arm-none-eabi/10.3.1/thumb/v7e-m+fp/hard/crtend.o
LOAD /opt/st/stm32cubeide_1.11.0/plugins/com.st.stm32cube.ide.mcu.externaltools.gnu-tools-for-stm32.10.3-2021.10.linux64_1.0.100.202210260954/tools/bin/../lib/gcc/arm-none-eabi/10.3.1/thumb/v7e-m+fp/hard/crtn.o
                0x0000000020008000                _estack = (ORIGIN (RAM) + LENGTH (RAM))
                0x0000000000000200                _Min_Heap_Size = 0x200
                0x0000000000000400                _Min_Stack_Size = 0x400

.isr_vector     0x0000000008000000      0x1d8
                0x0000000008000000                . = ALIGN (0x4)
 *(.isr_vector)
 .isr_vector    0x0000000008000000      0x1d8 ./Core/Startup/startup_stm32g431cbtx.o
                0x0000000008000000                g_pfnVectors
                0x00000000080001d8                . = ALIGN (0x4)

.text           0x00000000080001d8     0x7b54
                0x00000000080001d8                . = ALIGN (0x4)
 *(.text)
 .text          0x00000000080001d8       0x40 /opt/st/stm32cubeide_1.11.0/plugins/com.st.stm32cube.ide.mcu.externaltools.gnu-tools-for-stm32.10.3-2021.10.linux64_1.0.100.202210260954/tools/bin/../lib/gcc/arm-none-eabi/10.3.1/thumb/v7e-m+fp/hard/crtbegin.o
 .text          0x0000000008000218       0x30 /opt/st/stm32cubeide_1.11.0/plugins/com.st.stm32cube.ide.mcu.externaltools.gnu-tools-for-stm32.10.3-2021.10.linux64_1.0.100.202210260954/tools/bin/../lib/gcc/arm-none-eabi/10.3.1/thumb/v7e-m+fp/hard/libgcc.a(_aeabi_uldivmod.o)
                0x0000000008000218                __aeabi_uldivmod
 .text          0x0000000008000248      0x2d0 /opt/st/stm32cubeide_1.11.0/plugins/com.st.stm32cube.ide.mcu.externaltools.gnu-tools-for-stm32.10.3-2021.10.linux64_1.0.100.202210260954/tools/bin/../lib/gcc/arm-none-eabi/10.3.1/thumb/v7e-m+fp/hard/libgcc.a(_udivmoddi4.o)
                0x0000000008000248                __udivmoddi4
 .text          0x0000000008000518        0x4 /opt/st/stm32cubeide_1.11.0/plugins/com.st.stm32cube.ide.mcu.externaltools.gnu-tools-for-stm32.10.3-2021.10.linux64_1.0.100.202210260954/tools/bin/../lib/gcc/arm-none-eabi/10.3.1/thumb/v7e-m+fp/hard/libgcc.a(_dvmd_tls.o)
                0x0000000008000518                __aeabi_ldiv0
                0x0000000008000518                __aeabi_idiv0
 *(.text*)
 .text.HAL_TIM_PeriodElapsedCallback
                0x000000000800051c       0x2c ./Core/Src/main.o
                0x000000000800051c                HAL_TIM_PeriodElapsedCallback
 .text.HAL_ADC_ConvHalfCpltCallback
                0x0000000008000548       0x24 ./Core/Src/main.o
                0x0000000008000548                HAL_ADC_ConvHalfCpltCallback
 .text.HAL_ADC_ConvCpltCallback
                0x000000000800056c       0x30 ./Core/Src/main.o
                0x000000000800056c                HAL_ADC_ConvCpltCallback
 .text.HAL_UART_TxCpltCallback
                0x000000000800059c       0x24 ./Core/Src/main.o
                0x000000000800059c                HAL_UART_TxCpltCallback
 .text.Log_DataToBufferReadable
                0x00000000080005c0       0x90 ./Core/Src/main.o
                0x00000000080005c0                Log_DataToBufferReadable
 .text.itoaFast
                0x0000000008000650       0xa0 ./Core/Src/main.o
                0x0000000008000650                itoaFast
 .text.main     0x00000000080006f0      0x25c ./Core/Src/main.o
                0x00000000080006f0                main
 .text.SystemClock_Config
                0x000000000800094c       0x98 ./Core/Src/main.o
                0x000000000800094c                SystemClock_Config
 .text.MX_ADC1_Init
                0x00000000080009e4       0xfc ./Core/Src/main.o
 .text.MX_ADC2_Init
                0x0000000008000ae0       0xc0 ./Core/Src/main.o
 .text.MX_DAC1_Init
                0x0000000008000ba0       0x74 ./Core/Src/main.o
 .text.MX_FDCAN1_Init
                0x0000000008000c14       0x90 ./Core/Src/main.o
 .text.MX_I2C1_Init
                0x0000000008000ca4       0x80 ./Core/Src/main.o
 .text.MX_TIM6_Init
                0x0000000008000d24       0x6c ./Core/Src/main.o
 .text.MX_TIM7_Init
                0x0000000008000d90       0x70 ./Core/Src/main.o
 .text.MX_TIM17_Init
                0x0000000008000e00       0x50 ./Core/Src/main.o
 .text.MX_USART3_UART_Init
                0x0000000008000e50       0x9c ./Core/Src/main.o
 .text.MX_DMA_Init
                0x0000000008000eec       0x64 ./Core/Src/main.o
 .text.MX_GPIO_Init
                0x0000000008000f50      0x108 ./Core/Src/main.o
 .text.Error_Handler
                0x0000000008001058        0xa ./Core/Src/main.o
                0x0000000008001058                Error_Handler
 *fill*         0x0000000008001062        0x2 
 .text.HAL_MspInit
                0x0000000008001064       0x5c ./Core/Src/stm32g4xx_hal_msp.o
                0x0000000008001064                HAL_MspInit
 .text.HAL_ADC_MspInit
                0x00000000080010c0      0x1a8 ./Core/Src/stm32g4xx_hal_msp.o
                0x00000000080010c0                HAL_ADC_MspInit
 .text.HAL_DAC_MspInit
                0x0000000008001268       0xec ./Core/Src/stm32g4xx_hal_msp.o
                0x0000000008001268                HAL_DAC_MspInit
 .text.HAL_FDCAN_MspInit
                0x0000000008001354       0xc4 ./Core/Src/stm32g4xx_hal_msp.o
                0x0000000008001354                HAL_FDCAN_MspInit
 .text.HAL_I2C_MspInit
                0x0000000008001418       0xec ./Core/Src/stm32g4xx_hal_msp.o
                0x0000000008001418                HAL_I2C_MspInit
 .text.HAL_TIM_Base_MspInit
                0x0000000008001504       0xbc ./Core/Src/stm32g4xx_hal_msp.o
                0x0000000008001504                HAL_TIM_Base_MspInit
 .text.HAL_UART_MspInit
                0x00000000080015c0       0xc4 ./Core/Src/stm32g4xx_hal_msp.o
                0x00000000080015c0                HAL_UART_MspInit
 .text.NMI_Handler
                0x0000000008001684        0x6 ./Core/Src/stm32g4xx_it.o
                0x0000000008001684                NMI_Handler
 .text.HardFault_Handler
                0x000000000800168a        0x6 ./Core/Src/stm32g4xx_it.o
                0x000000000800168a                HardFault_Handler
 .text.MemManage_Handler
                0x0000000008001690        0x6 ./Core/Src/stm32g4xx_it.o
                0x0000000008001690                MemManage_Handler
 .text.BusFault_Handler
                0x0000000008001696        0x6 ./Core/Src/stm32g4xx_it.o
                0x0000000008001696                BusFault_Handler
 .text.UsageFault_Handler
                0x000000000800169c        0x6 ./Core/Src/stm32g4xx_it.o
                0x000000000800169c                UsageFault_Handler
 .text.SVC_Handler
                0x00000000080016a2        0xe ./Core/Src/stm32g4xx_it.o
                0x00000000080016a2                SVC_Handler
 .text.DebugMon_Handler
                0x00000000080016b0        0xe ./Core/Src/stm32g4xx_it.o
                0x00000000080016b0                DebugMon_Handler
 .text.PendSV_Handler
                0x00000000080016be        0xe ./Core/Src/stm32g4xx_it.o
                0x00000000080016be                PendSV_Handler
 .text.SysTick_Handler
                0x00000000080016cc        0xc ./Core/Src/stm32g4xx_it.o
                0x00000000080016cc                SysTick_Handler
 .text.DMA1_Channel1_IRQHandler
                0x00000000080016d8       0x14 ./Core/Src/stm32g4xx_it.o
                0x00000000080016d8                DMA1_Channel1_IRQHandler
 .text.DMA1_Channel3_IRQHandler
                0x00000000080016ec       0x14 ./Core/Src/stm32g4xx_it.o
                0x00000000080016ec                DMA1_Channel3_IRQHandler
 .text.FDCAN1_IT0_IRQHandler
                0x0000000008001700       0x14 ./Core/Src/stm32g4xx_it.o
                0x0000000008001700                FDCAN1_IT0_IRQHandler
 .text.TIM1_TRG_COM_TIM17_IRQHandler
                0x0000000008001714       0x14 ./Core/Src/stm32g4xx_it.o
                0x0000000008001714                TIM1_TRG_COM_TIM17_IRQHandler
 .text.USART3_IRQHandler
                0x0000000008001728       0x14 ./Core/Src/stm32g4xx_it.o
                0x0000000008001728                USART3_IRQHandler
 .text.TIM6_DAC_IRQHandler
                0x000000000800173c       0x1c ./Core/Src/stm32g4xx_it.o
                0x000000000800173c                TIM6_DAC_IRQHandler
 .text.TIM7_IRQHandler
                0x0000000008001758       0x14 ./Core/Src/stm32g4xx_it.o
                0x0000000008001758                TIM7_IRQHandler
 .text.SystemInit
                0x000000000800176c       0x24 ./Core/Src/system_stm32g4xx.o
                0x000000000800176c                SystemInit
 .text.Reset_Handler
                0x0000000008001790       0x50 ./Core/Startup/startup_stm32g431cbtx.o
                0x0000000008001790                Reset_Handler
 .text.Default_Handler
                0x00000000080017e0        0x2 ./Core/Startup/startup_stm32g431cbtx.o
                0x00000000080017e0                RTC_Alarm_IRQHandler
                0x00000000080017e0                EXTI2_IRQHandler
                0x00000000080017e0                TIM8_TRG_COM_IRQHandler
                0x00000000080017e0                TIM8_CC_IRQHandler
                0x00000000080017e0                TIM1_CC_IRQHandler
                0x00000000080017e0                USB_HP_IRQHandler
                0x00000000080017e0                CORDIC_IRQHandler
                0x00000000080017e0                EXTI3_IRQHandler
                0x00000000080017e0                I2C3_ER_IRQHandler
                0x00000000080017e0                EXTI0_IRQHandler
                0x00000000080017e0                I2C2_EV_IRQHandler
                0x00000000080017e0                FPU_IRQHandler
                0x00000000080017e0                FDCAN1_IT1_IRQHandler
                0x00000000080017e0                TIM1_UP_TIM16_IRQHandler
                0x00000000080017e0                ADC1_2_IRQHandler
                0x00000000080017e0                SPI1_IRQHandler
                0x00000000080017e0                TIM8_UP_IRQHandler
                0x00000000080017e0                DMA2_Channel2_IRQHandler
                0x00000000080017e0                DMA1_Channel4_IRQHandler
                0x00000000080017e0                TIM4_IRQHandler
                0x00000000080017e0                DMA2_Channel1_IRQHandler
                0x00000000080017e0                I2C1_EV_IRQHandler
                0x00000000080017e0                DMA1_Channel6_IRQHandler
                0x00000000080017e0                UART4_IRQHandler
                0x00000000080017e0                DMA2_Channel4_IRQHandler
                0x00000000080017e0                TIM3_IRQHandler
                0x00000000080017e0                RCC_IRQHandler
                0x00000000080017e0                Default_Handler
                0x00000000080017e0                RTC_TAMP_LSECSS_IRQHandler
                0x00000000080017e0                FMAC_IRQHandler
                0x00000000080017e0                EXTI15_10_IRQHandler
                0x00000000080017e0                UCPD1_IRQHandler
                0x00000000080017e0                I2C3_EV_IRQHandler
                0x00000000080017e0                EXTI9_5_IRQHandler
                0x00000000080017e0                RTC_WKUP_IRQHandler
                0x00000000080017e0                PVD_PVM_IRQHandler
                0x00000000080017e0                SPI2_IRQHandler
                0x00000000080017e0                DMA2_Channel5_IRQHandler
                0x00000000080017e0                CRS_IRQHandler
                0x00000000080017e0                DMA1_Channel5_IRQHandler
                0x00000000080017e0                USB_LP_IRQHandler
                0x00000000080017e0                EXTI4_IRQHandler
                0x00000000080017e0                RNG_IRQHandler
                0x00000000080017e0                WWDG_IRQHandler
                0x00000000080017e0                LPUART1_IRQHandler
                0x00000000080017e0                DMA2_Channel6_IRQHandler
                0x00000000080017e0                TIM2_IRQHandler
                0x00000000080017e0                COMP1_2_3_IRQHandler
                0x00000000080017e0                EXTI1_IRQHandler
                0x00000000080017e0                USART2_IRQHandler
                0x00000000080017e0                I2C2_ER_IRQHandler
                0x00000000080017e0                DMA1_Channel2_IRQHandler
                0x00000000080017e0                TIM8_BRK_IRQHandler
                0x00000000080017e0                FLASH_IRQHandler
                0x00000000080017e0                USART1_IRQHandler
                0x00000000080017e0                SPI3_IRQHandler
                0x00000000080017e0                I2C1_ER_IRQHandler
                0x00000000080017e0                LPTIM1_IRQHandler
                0x00000000080017e0                DMAMUX_OVR_IRQHandler
                0x00000000080017e0                USBWakeUp_IRQHandler
                0x00000000080017e0                SAI1_IRQHandler
                0x00000000080017e0                DMA2_Channel3_IRQHandler
                0x00000000080017e0                COMP4_IRQHandler
                0x00000000080017e0                TIM1_BRK_TIM15_IRQHandler
 .text.HAL_Init
                0x00000000080017e2       0x30 ./Drivers/STM32G4xx_HAL_Driver/Src/stm32g4xx_hal.o
                0x00000000080017e2                HAL_Init
 *fill*         0x0000000008001812        0x2 
 .text.HAL_InitTick
                0x0000000008001814       0x74 ./Drivers/STM32G4xx_HAL_Driver/Src/stm32g4xx_hal.o
                0x0000000008001814                HAL_InitTick
 .text.HAL_IncTick
                0x0000000008001888       0x24 ./Drivers/STM32G4xx_HAL_Driver/Src/stm32g4xx_hal.o
                0x0000000008001888                HAL_IncTick
 .text.HAL_GetTick
                0x00000000080018ac       0x18 ./Drivers/STM32G4xx_HAL_Driver/Src/stm32g4xx_hal.o
                0x00000000080018ac                HAL_GetTick
 .text.HAL_Delay
                0x00000000080018c4       0x44 ./Drivers/STM32G4xx_HAL_Driver/Src/stm32g4xx_hal.o
                0x00000000080018c4                HAL_Delay
 .text.LL_ADC_SetCommonClock
                0x0000000008001908       0x26 ./Drivers/STM32G4xx_HAL_Driver/Src/stm32g4xx_hal_adc.o
 .text.LL_ADC_SetCommonPathInternalCh
                0x000000000800192e       0x26 ./Drivers/STM32G4xx_HAL_Driver/Src/stm32g4xx_hal_adc.o
 .text.LL_ADC_GetCommonPathInternalCh
                0x0000000008001954       0x1c ./Drivers/STM32G4xx_HAL_Driver/Src/stm32g4xx_hal_adc.o
 .text.LL_ADC_SetOffset
                0x0000000008001970       0x48 ./Drivers/STM32G4xx_HAL_Driver/Src/stm32g4xx_hal_adc.o
 .text.LL_ADC_GetOffsetChannel
                0x00000000080019b8       0x2c ./Drivers/STM32G4xx_HAL_Driver/Src/stm32g4xx_hal_adc.o
 .text.LL_ADC_SetOffsetState
                0x00000000080019e4       0x36 ./Drivers/STM32G4xx_HAL_Driver/Src/stm32g4xx_hal_adc.o
 .text.LL_ADC_SetOffsetSign
                0x0000000008001a1a       0x36 ./Drivers/STM32G4xx_HAL_Driver/Src/stm32g4xx_hal_adc.o
 .text.LL_ADC_SetOffsetSaturation
                0x0000000008001a50       0x36 ./Drivers/STM32G4xx_HAL_Driver/Src/stm32g4xx_hal_adc.o
 .text.LL_ADC_SetSamplingTimeCommonConfig
                0x0000000008001a86       0x26 ./Drivers/STM32G4xx_HAL_Driver/Src/stm32g4xx_hal_adc.o
 .text.LL_ADC_REG_IsTriggerSourceSWStart
                0x0000000008001aac       0x26 ./Drivers/STM32G4xx_HAL_Driver/Src/stm32g4xx_hal_adc.o
 .text.LL_ADC_REG_SetSequencerRanks
                0x0000000008001ad2       0x58 ./Drivers/STM32G4xx_HAL_Driver/Src/stm32g4xx_hal_adc.o
 .text.LL_ADC_SetChannelSamplingTime
                0x0000000008001b2a       0x56 ./Drivers/STM32G4xx_HAL_Driver/Src/stm32g4xx_hal_adc.o
 .text.LL_ADC_SetChannelSingleDiff
                0x0000000008001b80       0x50 ./Drivers/STM32G4xx_HAL_Driver/Src/stm32g4xx_hal_adc.o
 .text.LL_ADC_GetMultimode
                0x0000000008001bd0       0x1c ./Drivers/STM32G4xx_HAL_Driver/Src/stm32g4xx_hal_adc.o
 .text.LL_ADC_DisableDeepPowerDown
                0x0000000008001bec       0x24 ./Drivers/STM32G4xx_HAL_Driver/Src/stm32g4xx_hal_adc.o
 .text.LL_ADC_IsDeepPowerDownEnabled
                0x0000000008001c10       0x28 ./Drivers/STM32G4xx_HAL_Driver/Src/stm32g4xx_hal_adc.o
 .text.LL_ADC_EnableInternalRegulator
                0x0000000008001c38       0x28 ./Drivers/STM32G4xx_HAL_Driver/Src/stm32g4xx_hal_adc.o
 .text.LL_ADC_IsInternalRegulatorEnabled
                0x0000000008001c60       0x28 ./Drivers/STM32G4xx_HAL_Driver/Src/stm32g4xx_hal_adc.o
 .text.LL_ADC_Enable
                0x0000000008001c88       0x28 ./Drivers/STM32G4xx_HAL_Driver/Src/stm32g4xx_hal_adc.o
 .text.LL_ADC_Disable
                0x0000000008001cb0       0x28 ./Drivers/STM32G4xx_HAL_Driver/Src/stm32g4xx_hal_adc.o
 .text.LL_ADC_IsEnabled
                0x0000000008001cd8       0x26 ./Drivers/STM32G4xx_HAL_Driver/Src/stm32g4xx_hal_adc.o
 .text.LL_ADC_IsDisableOngoing
                0x0000000008001cfe       0x26 ./Drivers/STM32G4xx_HAL_Driver/Src/stm32g4xx_hal_adc.o
 .text.LL_ADC_REG_StartConversion
                0x0000000008001d24       0x28 ./Drivers/STM32G4xx_HAL_Driver/Src/stm32g4xx_hal_adc.o
 .text.LL_ADC_REG_IsConversionOngoing
                0x0000000008001d4c       0x26 ./Drivers/STM32G4xx_HAL_Driver/Src/stm32g4xx_hal_adc.o
 .text.LL_ADC_INJ_IsConversionOngoing
                0x0000000008001d72       0x26 ./Drivers/STM32G4xx_HAL_Driver/Src/stm32g4xx_hal_adc.o
 .text.HAL_ADC_Init
                0x0000000008001d98      0x314 ./Drivers/STM32G4xx_HAL_Driver/Src/stm32g4xx_hal_adc.o
                0x0000000008001d98                HAL_ADC_Init
 .text.HAL_ADC_Start
                0x00000000080020ac      0x178 ./Drivers/STM32G4xx_HAL_Driver/Src/stm32g4xx_hal_adc.o
                0x00000000080020ac                HAL_ADC_Start
 .text.HAL_ADC_ErrorCallback
                0x0000000008002224       0x14 ./Drivers/STM32G4xx_HAL_Driver/Src/stm32g4xx_hal_adc.o
                0x0000000008002224                HAL_ADC_ErrorCallback
 .text.HAL_ADC_ConfigChannel
                0x0000000008002238      0x7e0 ./Drivers/STM32G4xx_HAL_Driver/Src/stm32g4xx_hal_adc.o
                0x0000000008002238                HAL_ADC_ConfigChannel
 .text.ADC_Enable
                0x0000000008002a18       0xc4 ./Drivers/STM32G4xx_HAL_Driver/Src/stm32g4xx_hal_adc.o
                0x0000000008002a18                ADC_Enable
 .text.ADC_Disable
                0x0000000008002adc       0xbe ./Drivers/STM32G4xx_HAL_Driver/Src/stm32g4xx_hal_adc.o
                0x0000000008002adc                ADC_Disable
 .text.ADC_DMAConvCplt
                0x0000000008002b9a       0xd8 ./Drivers/STM32G4xx_HAL_Driver/Src/stm32g4xx_hal_adc.o
                0x0000000008002b9a                ADC_DMAConvCplt
 .text.ADC_DMAHalfConvCplt
                0x0000000008002c72       0x1c ./Drivers/STM32G4xx_HAL_Driver/Src/stm32g4xx_hal_adc.o
                0x0000000008002c72                ADC_DMAHalfConvCplt
 .text.ADC_DMAError
                0x0000000008002c8e       0x34 ./Drivers/STM32G4xx_HAL_Driver/Src/stm32g4xx_hal_adc.o
                0x0000000008002c8e                ADC_DMAError
 .text.LL_ADC_IsEnabled
                0x0000000008002cc2       0x26 ./Drivers/STM32G4xx_HAL_Driver/Src/stm32g4xx_hal_adc_ex.o
 .text.LL_ADC_StartCalibration
                0x0000000008002ce8       0x32 ./Drivers/STM32G4xx_HAL_Driver/Src/stm32g4xx_hal_adc_ex.o
 .text.LL_ADC_IsCalibrationOnGoing
                0x0000000008002d1a       0x28 ./Drivers/STM32G4xx_HAL_Driver/Src/stm32g4xx_hal_adc_ex.o
 .text.LL_ADC_REG_StartConversion
                0x0000000008002d42       0x28 ./Drivers/STM32G4xx_HAL_Driver/Src/stm32g4xx_hal_adc_ex.o
 .text.LL_ADC_REG_IsConversionOngoing
                0x0000000008002d6a       0x26 ./Drivers/STM32G4xx_HAL_Driver/Src/stm32g4xx_hal_adc_ex.o
 .text.HAL_ADCEx_Calibration_Start
                0x0000000008002d90       0xc4 ./Drivers/STM32G4xx_HAL_Driver/Src/stm32g4xx_hal_adc_ex.o
                0x0000000008002d90                HAL_ADCEx_Calibration_Start
 .text.HAL_ADCEx_MultiModeStart_DMA
                0x0000000008002e54      0x144 ./Drivers/STM32G4xx_HAL_Driver/Src/stm32g4xx_hal_adc_ex.o
                0x0000000008002e54                HAL_ADCEx_MultiModeStart_DMA
 .text.HAL_ADCEx_MultiModeConfigChannel
                0x0000000008002f98      0x148 ./Drivers/STM32G4xx_HAL_Driver/Src/stm32g4xx_hal_adc_ex.o
                0x0000000008002f98                HAL_ADCEx_MultiModeConfigChannel
 .text.__NVIC_SetPriorityGrouping
                0x00000000080030e0       0x48 ./Drivers/STM32G4xx_HAL_Driver/Src/stm32g4xx_hal_cortex.o
 .text.__NVIC_GetPriorityGrouping
                0x0000000008003128       0x1c ./Drivers/STM32G4xx_HAL_Driver/Src/stm32g4xx_hal_cortex.o
 .text.__NVIC_EnableIRQ
                0x0000000008003144       0x3c ./Drivers/STM32G4xx_HAL_Driver/Src/stm32g4xx_hal_cortex.o
 .text.__NVIC_SetPriority
                0x0000000008003180       0x54 ./Drivers/STM32G4xx_HAL_Driver/Src/stm32g4xx_hal_cortex.o
 .text.NVIC_EncodePriority
                0x00000000080031d4       0x66 ./Drivers/STM32G4xx_HAL_Driver/Src/stm32g4xx_hal_cortex.o
 *fill*         0x000000000800323a        0x2 
 .text.SysTick_Config
                0x000000000800323c       0x44 ./Drivers/STM32G4xx_HAL_Driver/Src/stm32g4xx_hal_cortex.o
 .text.HAL_NVIC_SetPriorityGrouping
                0x0000000008003280       0x16 ./Drivers/STM32G4xx_HAL_Driver/Src/stm32g4xx_hal_cortex.o
                0x0000000008003280                HAL_NVIC_SetPriorityGrouping
 .text.HAL_NVIC_SetPriority
                0x0000000008003296       0x34 ./Drivers/STM32G4xx_HAL_Driver/Src/stm32g4xx_hal_cortex.o
                0x0000000008003296                HAL_NVIC_SetPriority
 .text.HAL_NVIC_EnableIRQ
                0x00000000080032ca       0x1c ./Drivers/STM32G4xx_HAL_Driver/Src/stm32g4xx_hal_cortex.o
                0x00000000080032ca                HAL_NVIC_EnableIRQ
 .text.HAL_SYSTICK_Config
                0x00000000080032e6       0x18 ./Drivers/STM32G4xx_HAL_Driver/Src/stm32g4xx_hal_cortex.o
                0x00000000080032e6                HAL_SYSTICK_Config
 .text.HAL_DAC_Init
                0x00000000080032fe       0x44 ./Drivers/STM32G4xx_HAL_Driver/Src/stm32g4xx_hal_dac.o
                0x00000000080032fe                HAL_DAC_Init
 *fill*         0x0000000008003342        0x2 
 .text.HAL_DAC_Start_DMA
                0x0000000008003344      0x19c ./Drivers/STM32G4xx_HAL_Driver/Src/stm32g4xx_hal_dac.o
                0x0000000008003344                HAL_DAC_Start_DMA
 .text.HAL_DAC_IRQHandler
                0x00000000080034e0       0xb4 ./Drivers/STM32G4xx_HAL_Driver/Src/stm32g4xx_hal_dac.o
                0x00000000080034e0                HAL_DAC_IRQHandler
 .text.HAL_DAC_ConvCpltCallbackCh1
                0x0000000008003594       0x14 ./Drivers/STM32G4xx_HAL_Driver/Src/stm32g4xx_hal_dac.o
                0x0000000008003594                HAL_DAC_ConvCpltCallbackCh1
 .text.HAL_DAC_ConvHalfCpltCallbackCh1
                0x00000000080035a8       0x14 ./Drivers/STM32G4xx_HAL_Driver/Src/stm32g4xx_hal_dac.o
                0x00000000080035a8                HAL_DAC_ConvHalfCpltCallbackCh1
 .text.HAL_DAC_ErrorCallbackCh1
                0x00000000080035bc       0x14 ./Drivers/STM32G4xx_HAL_Driver/Src/stm32g4xx_hal_dac.o
                0x00000000080035bc                HAL_DAC_ErrorCallbackCh1
 .text.HAL_DAC_DMAUnderrunCallbackCh1
                0x00000000080035d0       0x14 ./Drivers/STM32G4xx_HAL_Driver/Src/stm32g4xx_hal_dac.o
                0x00000000080035d0                HAL_DAC_DMAUnderrunCallbackCh1
 .text.HAL_DAC_ConfigChannel
                0x00000000080035e4      0x350 ./Drivers/STM32G4xx_HAL_Driver/Src/stm32g4xx_hal_dac.o
                0x00000000080035e4                HAL_DAC_ConfigChannel
 .text.DAC_DMAConvCpltCh1
                0x0000000008003934       0x22 ./Drivers/STM32G4xx_HAL_Driver/Src/stm32g4xx_hal_dac.o
                0x0000000008003934                DAC_DMAConvCpltCh1
 .text.DAC_DMAHalfConvCpltCh1
                0x0000000008003956       0x1c ./Drivers/STM32G4xx_HAL_Driver/Src/stm32g4xx_hal_dac.o
                0x0000000008003956                DAC_DMAHalfConvCpltCh1
 .text.DAC_DMAErrorCh1
                0x0000000008003972       0x2e ./Drivers/STM32G4xx_HAL_Driver/Src/stm32g4xx_hal_dac.o
                0x0000000008003972                DAC_DMAErrorCh1
 .text.HAL_DACEx_ConvCpltCallbackCh2
                0x00000000080039a0       0x14 ./Drivers/STM32G4xx_HAL_Driver/Src/stm32g4xx_hal_dac_ex.o
                0x00000000080039a0                HAL_DACEx_ConvCpltCallbackCh2
 .text.HAL_DACEx_ConvHalfCpltCallbackCh2
                0x00000000080039b4       0x14 ./Drivers/STM32G4xx_HAL_Driver/Src/stm32g4xx_hal_dac_ex.o
                0x00000000080039b4                HAL_DACEx_ConvHalfCpltCallbackCh2
 .text.HAL_DACEx_ErrorCallbackCh2
                0x00000000080039c8       0x14 ./Drivers/STM32G4xx_HAL_Driver/Src/stm32g4xx_hal_dac_ex.o
                0x00000000080039c8                HAL_DACEx_ErrorCallbackCh2
 .text.HAL_DACEx_DMAUnderrunCallbackCh2
                0x00000000080039dc       0x14 ./Drivers/STM32G4xx_HAL_Driver/Src/stm32g4xx_hal_dac_ex.o
                0x00000000080039dc                HAL_DACEx_DMAUnderrunCallbackCh2
 .text.DAC_DMAConvCpltCh2
                0x00000000080039f0       0x22 ./Drivers/STM32G4xx_HAL_Driver/Src/stm32g4xx_hal_dac_ex.o
                0x00000000080039f0                DAC_DMAConvCpltCh2
 .text.DAC_DMAHalfConvCpltCh2
                0x0000000008003a12       0x1c ./Drivers/STM32G4xx_HAL_Driver/Src/stm32g4xx_hal_dac_ex.o
                0x0000000008003a12                DAC_DMAHalfConvCpltCh2
 .text.DAC_DMAErrorCh2
                0x0000000008003a2e       0x2e ./Drivers/STM32G4xx_HAL_Driver/Src/stm32g4xx_hal_dac_ex.o
                0x0000000008003a2e                DAC_DMAErrorCh2
 .text.HAL_DMA_Init
                0x0000000008003a5c      0x150 ./Drivers/STM32G4xx_HAL_Driver/Src/stm32g4xx_hal_dma.o
                0x0000000008003a5c                HAL_DMA_Init
 .text.HAL_DMA_Start_IT
                0x0000000008003bac       0xf6 ./Drivers/STM32G4xx_HAL_Driver/Src/stm32g4xx_hal_dma.o
                0x0000000008003bac                HAL_DMA_Start_IT
 .text.HAL_DMA_Abort
                0x0000000008003ca2       0xb2 ./Drivers/STM32G4xx_HAL_Driver/Src/stm32g4xx_hal_dma.o
                0x0000000008003ca2                HAL_DMA_Abort
 .text.HAL_DMA_Abort_IT
                0x0000000008003d54       0xce ./Drivers/STM32G4xx_HAL_Driver/Src/stm32g4xx_hal_dma.o
                0x0000000008003d54                HAL_DMA_Abort_IT
 .text.HAL_DMA_IRQHandler
                0x0000000008003e22      0x15e ./Drivers/STM32G4xx_HAL_Driver/Src/stm32g4xx_hal_dma.o
                0x0000000008003e22                HAL_DMA_IRQHandler
 .text.DMA_SetConfig
                0x0000000008003f80       0x7c ./Drivers/STM32G4xx_HAL_Driver/Src/stm32g4xx_hal_dma.o
 .text.DMA_CalcDMAMUXChannelBaseAndMask
                0x0000000008003ffc       0x7c ./Drivers/STM32G4xx_HAL_Driver/Src/stm32g4xx_hal_dma.o
 .text.DMA_CalcDMAMUXRequestGenBaseAndMask
                0x0000000008004078       0x48 ./Drivers/STM32G4xx_HAL_Driver/Src/stm32g4xx_hal_dma.o
 .text.HAL_FDCAN_Init
                0x00000000080040c0      0x2b4 ./Drivers/STM32G4xx_HAL_Driver/Src/stm32g4xx_hal_fdcan.o
                0x00000000080040c0                HAL_FDCAN_Init
 .text.HAL_FDCAN_IRQHandler
                0x0000000008004374      0x272 ./Drivers/STM32G4xx_HAL_Driver/Src/stm32g4xx_hal_fdcan.o
                0x0000000008004374                HAL_FDCAN_IRQHandler
 .text.HAL_FDCAN_TxEventFifoCallback
                0x00000000080045e6       0x16 ./Drivers/STM32G4xx_HAL_Driver/Src/stm32g4xx_hal_fdcan.o
                0x00000000080045e6                HAL_FDCAN_TxEventFifoCallback
 .text.HAL_FDCAN_RxFifo0Callback
                0x00000000080045fc       0x16 ./Drivers/STM32G4xx_HAL_Driver/Src/stm32g4xx_hal_fdcan.o
                0x00000000080045fc                HAL_FDCAN_RxFifo0Callback
 .text.HAL_FDCAN_RxFifo1Callback
                0x0000000008004612       0x16 ./Drivers/STM32G4xx_HAL_Driver/Src/stm32g4xx_hal_fdcan.o
                0x0000000008004612                HAL_FDCAN_RxFifo1Callback
 .text.HAL_FDCAN_TxFifoEmptyCallback
                0x0000000008004628       0x14 ./Drivers/STM32G4xx_HAL_Driver/Src/stm32g4xx_hal_fdcan.o
                0x0000000008004628                HAL_FDCAN_TxFifoEmptyCallback
 .text.HAL_FDCAN_TxBufferCompleteCallback
                0x000000000800463c       0x16 ./Drivers/STM32G4xx_HAL_Driver/Src/stm32g4xx_hal_fdcan.o
                0x000000000800463c                HAL_FDCAN_TxBufferCompleteCallback
 .text.HAL_FDCAN_TxBufferAbortCallback
                0x0000000008004652       0x16 ./Drivers/STM32G4xx_HAL_Driver/Src/stm32g4xx_hal_fdcan.o
                0x0000000008004652                HAL_FDCAN_TxBufferAbortCallback
 .text.HAL_FDCAN_TimestampWraparoundCallback
                0x0000000008004668       0x14 ./Drivers/STM32G4xx_HAL_Driver/Src/stm32g4xx_hal_fdcan.o
                0x0000000008004668                HAL_FDCAN_TimestampWraparoundCallback
 .text.HAL_FDCAN_TimeoutOccurredCallback
                0x000000000800467c       0x14 ./Drivers/STM32G4xx_HAL_Driver/Src/stm32g4xx_hal_fdcan.o
                0x000000000800467c                HAL_FDCAN_TimeoutOccurredCallback
 .text.HAL_FDCAN_HighPriorityMessageCallback
                0x0000000008004690       0x14 ./Drivers/STM32G4xx_HAL_Driver/Src/stm32g4xx_hal_fdcan.o
                0x0000000008004690                HAL_FDCAN_HighPriorityMessageCallback
 .text.HAL_FDCAN_ErrorCallback
                0x00000000080046a4       0x14 ./Drivers/STM32G4xx_HAL_Driver/Src/stm32g4xx_hal_fdcan.o
                0x00000000080046a4                HAL_FDCAN_ErrorCallback
 .text.HAL_FDCAN_ErrorStatusCallback
                0x00000000080046b8       0x16 ./Drivers/STM32G4xx_HAL_Driver/Src/stm32g4xx_hal_fdcan.o
                0x00000000080046b8                HAL_FDCAN_ErrorStatusCallback
 *fill*         0x00000000080046ce        0x2 
 .text.FDCAN_CalcultateRamBlockAddresses
                0x00000000080046d0       0xac ./Drivers/STM32G4xx_HAL_Driver/Src/stm32g4xx_hal_fdcan.o
 .text.HAL_GPIO_Init
                0x000000000800477c      0x304 ./Drivers/STM32G4xx_HAL_Driver/Src/stm32g4xx_hal_gpio.o
                0x000000000800477c                HAL_GPIO_Init
 .text.HAL_GPIO_WritePin
                0x0000000008004a80       0x30 ./Drivers/STM32G4xx_HAL_Driver/Src/stm32g4xx_hal_gpio.o
                0x0000000008004a80                HAL_GPIO_WritePin
 .text.HAL_GPIO_TogglePin
                0x0000000008004ab0       0x34 ./Drivers/STM32G4xx_HAL_Driver/Src/stm32g4xx_hal_gpio.o
                0x0000000008004ab0                HAL_GPIO_TogglePin
 .text.HAL_I2C_Init
                0x0000000008004ae4      0x11e ./Drivers/STM32G4xx_HAL_Driver/Src/stm32g4xx_hal_i2c.o
                0x0000000008004ae4                HAL_I2C_Init
 .text.HAL_I2CEx_ConfigAnalogFilter
                0x0000000008004c02       0x96 ./Drivers/STM32G4xx_HAL_Driver/Src/stm32g4xx_hal_i2c_ex.o
                0x0000000008004c02                HAL_I2CEx_ConfigAnalogFilter
 .text.HAL_I2CEx_ConfigDigitalFilter
                0x0000000008004c98       0x98 ./Drivers/STM32G4xx_HAL_Driver/Src/stm32g4xx_hal_i2c_ex.o
                0x0000000008004c98                HAL_I2CEx_ConfigDigitalFilter
 .text.HAL_PWREx_ControlVoltageScaling
                0x0000000008004d30      0x148 ./Drivers/STM32G4xx_HAL_Driver/Src/stm32g4xx_hal_pwr_ex.o
                0x0000000008004d30                HAL_PWREx_ControlVoltageScaling
 .text.HAL_RCC_OscConfig
                0x0000000008004e78      0x630 ./Drivers/STM32G4xx_HAL_Driver/Src/stm32g4xx_hal_rcc.o
                0x0000000008004e78                HAL_RCC_OscConfig
 .text.HAL_RCC_ClockConfig
                0x00000000080054a8      0x278 ./Drivers/STM32G4xx_HAL_Driver/Src/stm32g4xx_hal_rcc.o
                0x00000000080054a8                HAL_RCC_ClockConfig
 .text.HAL_RCC_GetSysClockFreq
                0x0000000008005720       0xc0 ./Drivers/STM32G4xx_HAL_Driver/Src/stm32g4xx_hal_rcc.o
                0x0000000008005720                HAL_RCC_GetSysClockFreq
 .text.HAL_RCC_GetHCLKFreq
                0x00000000080057e0       0x18 ./Drivers/STM32G4xx_HAL_Driver/Src/stm32g4xx_hal_rcc.o
                0x00000000080057e0                HAL_RCC_GetHCLKFreq
 .text.HAL_RCC_GetPCLK1Freq
                0x00000000080057f8       0x2c ./Drivers/STM32G4xx_HAL_Driver/Src/stm32g4xx_hal_rcc.o
                0x00000000080057f8                HAL_RCC_GetPCLK1Freq
 .text.HAL_RCC_GetPCLK2Freq
                0x0000000008005824       0x2c ./Drivers/STM32G4xx_HAL_Driver/Src/stm32g4xx_hal_rcc.o
                0x0000000008005824                HAL_RCC_GetPCLK2Freq
 .text.RCC_GetSysClockFreqFromPLLSource
                0x0000000008005850       0x88 ./Drivers/STM32G4xx_HAL_Driver/Src/stm32g4xx_hal_rcc.o
 .text.HAL_RCCEx_PeriphCLKConfig
                0x00000000080058d8      0x3e0 ./Drivers/STM32G4xx_HAL_Driver/Src/stm32g4xx_hal_rcc_ex.o
                0x00000000080058d8                HAL_RCCEx_PeriphCLKConfig
 .text.HAL_TIM_Base_Init
                0x0000000008005cb8       0xae ./Drivers/STM32G4xx_HAL_Driver/Src/stm32g4xx_hal_tim.o
                0x0000000008005cb8                HAL_TIM_Base_Init
 *fill*         0x0000000008005d66        0x2 
 .text.HAL_TIM_Base_Start_IT
                0x0000000008005d68       0xd4 ./Drivers/STM32G4xx_HAL_Driver/Src/stm32g4xx_hal_tim.o
                0x0000000008005d68                HAL_TIM_Base_Start_IT
 .text.HAL_TIM_Base_Stop_IT
                0x0000000008005e3c       0x5e ./Drivers/STM32G4xx_HAL_Driver/Src/stm32g4xx_hal_tim.o
                0x0000000008005e3c                HAL_TIM_Base_Stop_IT
 .text.HAL_TIM_IRQHandler
                0x0000000008005e9a      0x2fe ./Drivers/STM32G4xx_HAL_Driver/Src/stm32g4xx_hal_tim.o
                0x0000000008005e9a                HAL_TIM_IRQHandler
 .text.HAL_TIM_OC_DelayElapsedCallback
                0x0000000008006198       0x14 ./Drivers/STM32G4xx_HAL_Driver/Src/stm32g4xx_hal_tim.o
                0x0000000008006198                HAL_TIM_OC_DelayElapsedCallback
 .text.HAL_TIM_IC_CaptureCallback
                0x00000000080061ac       0x14 ./Drivers/STM32G4xx_HAL_Driver/Src/stm32g4xx_hal_tim.o
                0x00000000080061ac                HAL_TIM_IC_CaptureCallback
 .text.HAL_TIM_PWM_PulseFinishedCallback
                0x00000000080061c0       0x14 ./Drivers/STM32G4xx_HAL_Driver/Src/stm32g4xx_hal_tim.o
                0x00000000080061c0                HAL_TIM_PWM_PulseFinishedCallback
 .text.HAL_TIM_TriggerCallback
                0x00000000080061d4       0x14 ./Drivers/STM32G4xx_HAL_Driver/Src/stm32g4xx_hal_tim.o
                0x00000000080061d4                HAL_TIM_TriggerCallback
 .text.TIM_Base_SetConfig
                0x00000000080061e8      0x120 ./Drivers/STM32G4xx_HAL_Driver/Src/stm32g4xx_hal_tim.o
                0x00000000080061e8                TIM_Base_SetConfig
 .text.HAL_TIMEx_MasterConfigSynchronization
                0x0000000008006308      0x104 ./Drivers/STM32G4xx_HAL_Driver/Src/stm32g4xx_hal_tim_ex.o
                0x0000000008006308                HAL_TIMEx_MasterConfigSynchronization
 .text.HAL_TIMEx_CommutCallback
                0x000000000800640c       0x14 ./Drivers/STM32G4xx_HAL_Driver/Src/stm32g4xx_hal_tim_ex.o
                0x000000000800640c                HAL_TIMEx_CommutCallback
 .text.HAL_TIMEx_BreakCallback
                0x0000000008006420       0x14 ./Drivers/STM32G4xx_HAL_Driver/Src/stm32g4xx_hal_tim_ex.o
                0x0000000008006420                HAL_TIMEx_BreakCallback
 .text.HAL_TIMEx_Break2Callback
                0x0000000008006434       0x14 ./Drivers/STM32G4xx_HAL_Driver/Src/stm32g4xx_hal_tim_ex.o
                0x0000000008006434                HAL_TIMEx_Break2Callback
 .text.HAL_TIMEx_EncoderIndexCallback
                0x0000000008006448       0x14 ./Drivers/STM32G4xx_HAL_Driver/Src/stm32g4xx_hal_tim_ex.o
                0x0000000008006448                HAL_TIMEx_EncoderIndexCallback
 .text.HAL_TIMEx_DirectionChangeCallback
                0x000000000800645c       0x14 ./Drivers/STM32G4xx_HAL_Driver/Src/stm32g4xx_hal_tim_ex.o
                0x000000000800645c                HAL_TIMEx_DirectionChangeCallback
 .text.HAL_TIMEx_IndexErrorCallback
                0x0000000008006470       0x14 ./Drivers/STM32G4xx_HAL_Driver/Src/stm32g4xx_hal_tim_ex.o
                0x0000000008006470                HAL_TIMEx_IndexErrorCallback
 .text.HAL_TIMEx_TransitionErrorCallback
                0x0000000008006484       0x14 ./Drivers/STM32G4xx_HAL_Driver/Src/stm32g4xx_hal_tim_ex.o
                0x0000000008006484                HAL_TIMEx_TransitionErrorCallback
 .text.HAL_UART_Init
                0x0000000008006498       0xa0 ./Drivers/STM32G4xx_HAL_Driver/Src/stm32g4xx_hal_uart.o
                0x0000000008006498                HAL_UART_Init
 .text.HAL_UART_Transmit_IT
                0x0000000008006538      0x150 ./Drivers/STM32G4xx_HAL_Driver/Src/stm32g4xx_hal_uart.o
                0x0000000008006538                HAL_UART_Transmit_IT
 .text.HAL_UART_IRQHandler
                0x0000000008006688      0x630 ./Drivers/STM32G4xx_HAL_Driver/Src/stm32g4xx_hal_uart.o
                0x0000000008006688                HAL_UART_IRQHandler
 .text.HAL_UART_ErrorCallback
                0x0000000008006cb8       0x14 ./Drivers/STM32G4xx_HAL_Driver/Src/stm32g4xx_hal_uart.o
                0x0000000008006cb8                HAL_UART_ErrorCallback
 .text.HAL_UARTEx_RxEventCallback
                0x0000000008006ccc       0x18 ./Drivers/STM32G4xx_HAL_Driver/Src/stm32g4xx_hal_uart.o
                0x0000000008006ccc                HAL_UARTEx_RxEventCallback
 .text.UART_SetConfig
                0x0000000008006ce4      0x598 ./Drivers/STM32G4xx_HAL_Driver/Src/stm32g4xx_hal_uart.o
                0x0000000008006ce4                UART_SetConfig
 .text.UART_AdvFeatureConfig
                0x000000000800727c      0x144 ./Drivers/STM32G4xx_HAL_Driver/Src/stm32g4xx_hal_uart.o
                0x000000000800727c                UART_AdvFeatureConfig
 .text.UART_CheckIdleState
                0x00000000080073c0       0x96 ./Drivers/STM32G4xx_HAL_Driver/Src/stm32g4xx_hal_uart.o
                0x00000000080073c0                UART_CheckIdleState
 .text.UART_WaitOnFlagUntilTimeout
                0x0000000008007456      0x190 ./Drivers/STM32G4xx_HAL_Driver/Src/stm32g4xx_hal_uart.o
                0x0000000008007456                UART_WaitOnFlagUntilTimeout
 .text.UART_EndRxTransfer
                0x00000000080075e6       0xcc ./Drivers/STM32G4xx_HAL_Driver/Src/stm32g4xx_hal_uart.o
 .text.UART_DMAAbortOnError
                0x00000000080076b2       0x2c ./Drivers/STM32G4xx_HAL_Driver/Src/stm32g4xx_hal_uart.o
 .text.UART_TxISR_8BIT
                0x00000000080076de       0xb8 ./Drivers/STM32G4xx_HAL_Driver/Src/stm32g4xx_hal_uart.o
 .text.UART_TxISR_16BIT
                0x0000000008007796       0xc2 ./Drivers/STM32G4xx_HAL_Driver/Src/stm32g4xx_hal_uart.o
 .text.UART_TxISR_8BIT_FIFOEN
                0x0000000008007858       0xe0 ./Drivers/STM32G4xx_HAL_Driver/Src/stm32g4xx_hal_uart.o
 .text.UART_TxISR_16BIT_FIFOEN
                0x0000000008007938       0xea ./Drivers/STM32G4xx_HAL_Driver/Src/stm32g4xx_hal_uart.o
 .text.UART_EndTransmit_IT
                0x0000000008007a22       0x56 ./Drivers/STM32G4xx_HAL_Driver/Src/stm32g4xx_hal_uart.o
 .text.HAL_UARTEx_WakeupCallback
                0x0000000008007a78       0x14 ./Drivers/STM32G4xx_HAL_Driver/Src/stm32g4xx_hal_uart_ex.o
                0x0000000008007a78                HAL_UARTEx_WakeupCallback
 .text.HAL_UARTEx_RxFifoFullCallback
                0x0000000008007a8c       0x14 ./Drivers/STM32G4xx_HAL_Driver/Src/stm32g4xx_hal_uart_ex.o
                0x0000000008007a8c                HAL_UARTEx_RxFifoFullCallback
 .text.HAL_UARTEx_TxFifoEmptyCallback
                0x0000000008007aa0       0x14 ./Drivers/STM32G4xx_HAL_Driver/Src/stm32g4xx_hal_uart_ex.o
                0x0000000008007aa0                HAL_UARTEx_TxFifoEmptyCallback
 .text.HAL_UARTEx_DisableFifoMode
                0x0000000008007ab4       0x72 ./Drivers/STM32G4xx_HAL_Driver/Src/stm32g4xx_hal_uart_ex.o
                0x0000000008007ab4                HAL_UARTEx_DisableFifoMode
 .text.HAL_UARTEx_SetTxFifoThreshold
                0x0000000008007b26       0x7c ./Drivers/STM32G4xx_HAL_Driver/Src/stm32g4xx_hal_uart_ex.o
                0x0000000008007b26                HAL_UARTEx_SetTxFifoThreshold
 .text.HAL_UARTEx_SetRxFifoThreshold
                0x0000000008007ba2       0x7c ./Drivers/STM32G4xx_HAL_Driver/Src/stm32g4xx_hal_uart_ex.o
                0x0000000008007ba2                HAL_UARTEx_SetRxFifoThreshold
 *fill*         0x0000000008007c1e        0x2 
 .text.UARTEx_SetNbDataToProcess
                0x0000000008007c20       0x9c ./Drivers/STM32G4xx_HAL_Driver/Src/stm32g4xx_hal_uart_ex.o
 .text.__libc_init_array
                0x0000000008007cbc       0x48 /opt/st/stm32cubeide_1.11.0/plugins/com.st.stm32cube.ide.mcu.externaltools.gnu-tools-for-stm32.10.3-2021.10.linux64_1.0.100.202210260954/tools/bin/../lib/gcc/arm-none-eabi/10.3.1/../../../../arm-none-eabi/lib/thumb/v7e-m+fp/hard/libc_nano.a(lib_a-init.o)
                0x0000000008007cbc                __libc_init_array
 .text.memset   0x0000000008007d04       0x10 /opt/st/stm32cubeide_1.11.0/plugins/com.st.stm32cube.ide.mcu.externaltools.gnu-tools-for-stm32.10.3-2021.10.linux64_1.0.100.202210260954/tools/bin/../lib/gcc/arm-none-eabi/10.3.1/../../../../arm-none-eabi/lib/thumb/v7e-m+fp/hard/libc_nano.a(lib_a-memset.o)
                0x0000000008007d04                memset
 *(.glue_7)
 .glue_7        0x0000000008007d14        0x0 linker stubs
 *(.glue_7t)
 .glue_7t       0x0000000008007d14        0x0 linker stubs
 *(.eh_frame)
 .eh_frame      0x0000000008007d14        0x0 /opt/st/stm32cubeide_1.11.0/plugins/com.st.stm32cube.ide.mcu.externaltools.gnu-tools-for-stm32.10.3-2021.10.linux64_1.0.100.202210260954/tools/bin/../lib/gcc/arm-none-eabi/10.3.1/thumb/v7e-m+fp/hard/crtbegin.o
 *(.init)
 .init          0x0000000008007d14        0x4 /opt/st/stm32cubeide_1.11.0/plugins/com.st.stm32cube.ide.mcu.externaltools.gnu-tools-for-stm32.10.3-2021.10.linux64_1.0.100.202210260954/tools/bin/../lib/gcc/arm-none-eabi/10.3.1/thumb/v7e-m+fp/hard/crti.o
                0x0000000008007d14                _init
 .init          0x0000000008007d18        0x8 /opt/st/stm32cubeide_1.11.0/plugins/com.st.stm32cube.ide.mcu.externaltools.gnu-tools-for-stm32.10.3-2021.10.linux64_1.0.100.202210260954/tools/bin/../lib/gcc/arm-none-eabi/10.3.1/thumb/v7e-m+fp/hard/crtn.o
 *(.fini)
 .fini          0x0000000008007d20        0x4 /opt/st/stm32cubeide_1.11.0/plugins/com.st.stm32cube.ide.mcu.externaltools.gnu-tools-for-stm32.10.3-2021.10.linux64_1.0.100.202210260954/tools/bin/../lib/gcc/arm-none-eabi/10.3.1/thumb/v7e-m+fp/hard/crti.o
                0x0000000008007d20                _fini
 .fini          0x0000000008007d24        0x8 /opt/st/stm32cubeide_1.11.0/plugins/com.st.stm32cube.ide.mcu.externaltools.gnu-tools-for-stm32.10.3-2021.10.linux64_1.0.100.202210260954/tools/bin/../lib/gcc/arm-none-eabi/10.3.1/thumb/v7e-m+fp/hard/crtn.o
                0x0000000008007d2c                . = ALIGN (0x4)
                0x0000000008007d2c                _etext = .

.vfp11_veneer   0x0000000008007d2c        0x0
 .vfp11_veneer  0x0000000008007d2c        0x0 linker stubs

.v4_bx          0x0000000008007d2c        0x0
 .v4_bx         0x0000000008007d2c        0x0 linker stubs

.iplt           0x0000000008007d2c        0x0
 .iplt          0x0000000008007d2c        0x0 /opt/st/stm32cubeide_1.11.0/plugins/com.st.stm32cube.ide.mcu.externaltools.gnu-tools-for-stm32.10.3-2021.10.linux64_1.0.100.202210260954/tools/bin/../lib/gcc/arm-none-eabi/10.3.1/thumb/v7e-m+fp/hard/crtbegin.o

.rodata         0x0000000008007d2c       0x40
                0x0000000008007d2c                . = ALIGN (0x4)
 *(.rodata)
 *(.rodata*)
 .rodata.AHBPrescTable
                0x0000000008007d2c       0x10 ./Core/Src/system_stm32g4xx.o
                0x0000000008007d2c                AHBPrescTable
 .rodata.APBPrescTable
                0x0000000008007d3c        0x8 ./Core/Src/system_stm32g4xx.o
                0x0000000008007d3c                APBPrescTable
 .rodata.UARTPrescTable
                0x0000000008007d44       0x18 ./Drivers/STM32G4xx_HAL_Driver/Src/stm32g4xx_hal_uart.o
                0x0000000008007d44                UARTPrescTable
 .rodata.numerator.1
                0x0000000008007d5c        0x8 ./Drivers/STM32G4xx_HAL_Driver/Src/stm32g4xx_hal_uart_ex.o
 .rodata.denominator.0
                0x0000000008007d64        0x8 ./Drivers/STM32G4xx_HAL_Driver/Src/stm32g4xx_hal_uart_ex.o
                0x0000000008007d6c                . = ALIGN (0x4)

.ARM.extab      0x0000000008007d6c        0x0
                0x0000000008007d6c                . = ALIGN (0x4)
 *(.ARM.extab* .gnu.linkonce.armextab.*)
                0x0000000008007d6c                . = ALIGN (0x4)

.ARM            0x0000000008007d6c        0x8
                0x0000000008007d6c                . = ALIGN (0x4)
                0x0000000008007d6c                __exidx_start = .
 *(.ARM.exidx*)
 .ARM.exidx     0x0000000008007d6c        0x8 /opt/st/stm32cubeide_1.11.0/plugins/com.st.stm32cube.ide.mcu.externaltools.gnu-tools-for-stm32.10.3-2021.10.linux64_1.0.100.202210260954/tools/bin/../lib/gcc/arm-none-eabi/10.3.1/thumb/v7e-m+fp/hard/libgcc.a(_udivmoddi4.o)
                0x0000000008007d74                __exidx_end = .
                0x0000000008007d74                . = ALIGN (0x4)

.rel.dyn        0x0000000008007d74        0x0
 .rel.iplt      0x0000000008007d74        0x0 /opt/st/stm32cubeide_1.11.0/plugins/com.st.stm32cube.ide.mcu.externaltools.gnu-tools-for-stm32.10.3-2021.10.linux64_1.0.100.202210260954/tools/bin/../lib/gcc/arm-none-eabi/10.3.1/thumb/v7e-m+fp/hard/crtbegin.o

.preinit_array  0x0000000008007d74        0x0
                0x0000000008007d74                . = ALIGN (0x4)
                0x0000000008007d74                PROVIDE (__preinit_array_start = .)
 *(.preinit_array*)
                0x0000000008007d74                PROVIDE (__preinit_array_end = .)
                0x0000000008007d74                . = ALIGN (0x4)

.init_array     0x0000000008007d74        0x4
                0x0000000008007d74                . = ALIGN (0x4)
                0x0000000008007d74                PROVIDE (__init_array_start = .)
 *(SORT_BY_NAME(.init_array.*))
 *(.init_array*)
 .init_array    0x0000000008007d74        0x4 /opt/st/stm32cubeide_1.11.0/plugins/com.st.stm32cube.ide.mcu.externaltools.gnu-tools-for-stm32.10.3-2021.10.linux64_1.0.100.202210260954/tools/bin/../lib/gcc/arm-none-eabi/10.3.1/thumb/v7e-m+fp/hard/crtbegin.o
                0x0000000008007d78                PROVIDE (__init_array_end = .)
                0x0000000008007d78                . = ALIGN (0x4)

.fini_array     0x0000000008007d78        0x4
                0x0000000008007d78                . = ALIGN (0x4)
                [!provide]                        PROVIDE (__fini_array_start = .)
 *(SORT_BY_NAME(.fini_array.*))
 *(.fini_array*)
 .fini_array    0x0000000008007d78        0x4 /opt/st/stm32cubeide_1.11.0/plugins/com.st.stm32cube.ide.mcu.externaltools.gnu-tools-for-stm32.10.3-2021.10.linux64_1.0.100.202210260954/tools/bin/../lib/gcc/arm-none-eabi/10.3.1/thumb/v7e-m+fp/hard/crtbegin.o
                [!provide]                        PROVIDE (__fini_array_end = .)
                0x0000000008007d7c                . = ALIGN (0x4)
                0x0000000008007d7c                _sidata = LOADADDR (.data)

.data           0x0000000020000000        0xc load address 0x0000000008007d7c
                0x0000000020000000                . = ALIGN (0x4)
                0x0000000020000000                _sdata = .
 *(.data)
 *(.data*)
 .data.SystemCoreClock
                0x0000000020000000        0x4 ./Core/Src/system_stm32g4xx.o
                0x0000000020000000                SystemCoreClock
 .data.uwTickPrio
                0x0000000020000004        0x4 ./Drivers/STM32G4xx_HAL_Driver/Src/stm32g4xx_hal.o
                0x0000000020000004                uwTickPrio
 .data.uwTickFreq
                0x0000000020000008        0x4 ./Drivers/STM32G4xx_HAL_Driver/Src/stm32g4xx_hal.o
                0x0000000020000008                uwTickFreq
 *(.RamFunc)
 *(.RamFunc*)
                0x000000002000000c                . = ALIGN (0x4)
                0x000000002000000c                _edata = .

.igot.plt       0x000000002000000c        0x0 load address 0x0000000008007d88
 .igot.plt      0x000000002000000c        0x0 /opt/st/stm32cubeide_1.11.0/plugins/com.st.stm32cube.ide.mcu.externaltools.gnu-tools-for-stm32.10.3-2021.10.linux64_1.0.100.202210260954/tools/bin/../lib/gcc/arm-none-eabi/10.3.1/thumb/v7e-m+fp/hard/crtbegin.o
                0x000000002000000c                . = ALIGN (0x4)

.bss            0x000000002000000c     0x1058 load address 0x0000000008007d88
                0x000000002000000c                _sbss = .
                0x000000002000000c                __bss_start__ = _sbss
 *(.bss)
 .bss           0x000000002000000c       0x1c /opt/st/stm32cubeide_1.11.0/plugins/com.st.stm32cube.ide.mcu.externaltools.gnu-tools-for-stm32.10.3-2021.10.linux64_1.0.100.202210260954/tools/bin/../lib/gcc/arm-none-eabi/10.3.1/thumb/v7e-m+fp/hard/crtbegin.o
 *(.bss*)
 .bss.hadc1     0x0000000020000028       0x6c ./Core/Src/main.o
                0x0000000020000028                hadc1
 .bss.hadc2     0x0000000020000094       0x6c ./Core/Src/main.o
                0x0000000020000094                hadc2
 .bss.hdma_adc1
                0x0000000020000100       0x60 ./Core/Src/main.o
                0x0000000020000100                hdma_adc1
 .bss.hdac1     0x0000000020000160       0x14 ./Core/Src/main.o
                0x0000000020000160                hdac1
 .bss.hdma_dac1_ch1
                0x0000000020000174       0x60 ./Core/Src/main.o
                0x0000000020000174                hdma_dac1_ch1
 .bss.hfdcan1   0x00000000200001d4       0x64 ./Core/Src/main.o
                0x00000000200001d4                hfdcan1
 .bss.hi2c1     0x0000000020000238       0x4c ./Core/Src/main.o
                0x0000000020000238                hi2c1
 .bss.htim6     0x0000000020000284       0x4c ./Core/Src/main.o
                0x0000000020000284                htim6
 .bss.htim7     0x00000000200002d0       0x4c ./Core/Src/main.o
                0x00000000200002d0                htim7
 .bss.htim17    0x000000002000031c       0x4c ./Core/Src/main.o
                0x000000002000031c                htim17
 .bss.huart3    0x0000000020000368       0x90 ./Core/Src/main.o
                0x0000000020000368                huart3
 .bss.adcBuffer
                0x00000000200003f8      0x2d0 ./Core/Src/main.o
                0x00000000200003f8                adcBuffer
 .bss.halfComplete
                0x00000000200006c8        0x1 ./Core/Src/main.o
                0x00000000200006c8                halfComplete
 .bss.fullComplete
                0x00000000200006c9        0x1 ./Core/Src/main.o
                0x00000000200006c9                fullComplete
 .bss.startADC  0x00000000200006ca        0x1 ./Core/Src/main.o
                0x00000000200006ca                startADC
 .bss.stopADC   0x00000000200006cb        0x1 ./Core/Src/main.o
                0x00000000200006cb                stopADC
 .bss.uart_secondhalfSent
                0x00000000200006cc        0x1 ./Core/Src/main.o
                0x00000000200006cc                uart_secondhalfSent
 .bss.dataOut   0x00000000200006cd        0x1 ./Core/Src/main.o
                0x00000000200006cd                dataOut
 *fill*         0x00000000200006ce        0x2 
 .bss.autoLevellerArr
                0x00000000200006d0      0x168 ./Core/Src/main.o
                0x00000000200006d0                autoLevellerArr
 .bss.coilerSensorArr
                0x0000000020000838      0x168 ./Core/Src/main.o
                0x0000000020000838                coilerSensorArr
 .bss.DAC_OutArray
                0x00000000200009a0      0x2d0 ./Core/Src/main.o
                0x00000000200009a0                DAC_OutArray
 .bss.LogBuffer
                0x0000000020000c70      0x3e8 ./Core/Src/main.o
                0x0000000020000c70                LogBuffer
 .bss.bufferIdx
                0x0000000020001058        0x2 ./Core/Src/main.o
                0x0000000020001058                bufferIdx
 *fill*         0x000000002000105a        0x2 
 .bss.HAL_RCC_ADC12_CLK_ENABLED
                0x000000002000105c        0x4 ./Core/Src/stm32g4xx_hal_msp.o
 .bss.uwTick    0x0000000020001060        0x4 ./Drivers/STM32G4xx_HAL_Driver/Src/stm32g4xx_hal.o
                0x0000000020001060                uwTick
 *(COMMON)
                0x0000000020001064                . = ALIGN (0x4)
                0x0000000020001064                _ebss = .
                0x0000000020001064                __bss_end__ = _ebss

._user_heap_stack
                0x0000000020001064      0x604 load address 0x0000000008007d88
                0x0000000020001068                . = ALIGN (0x8)
 *fill*         0x0000000020001064        0x4 
                [!provide]                        PROVIDE (end = .)
                0x0000000020001068                PROVIDE (_end = .)
                0x0000000020001268                . = (. + _Min_Heap_Size)
 *fill*         0x0000000020001068      0x200 
                0x0000000020001668                . = (. + _Min_Stack_Size)
 *fill*         0x0000000020001268      0x400 
                0x0000000020001668                . = ALIGN (0x8)

/DISCARD/
 libc.a(*)
 libm.a(*)
 libgcc.a(*)

.ARM.attributes
                0x0000000000000000       0x30
 *(.ARM.attributes)
 .ARM.attributes
                0x0000000000000000       0x1e /opt/st/stm32cubeide_1.11.0/plugins/com.st.stm32cube.ide.mcu.externaltools.gnu-tools-for-stm32.10.3-2021.10.linux64_1.0.100.202210260954/tools/bin/../lib/gcc/arm-none-eabi/10.3.1/thumb/v7e-m+fp/hard/crti.o
 .ARM.attributes
                0x000000000000001e       0x34 /opt/st/stm32cubeide_1.11.0/plugins/com.st.stm32cube.ide.mcu.externaltools.gnu-tools-for-stm32.10.3-2021.10.linux64_1.0.100.202210260954/tools/bin/../lib/gcc/arm-none-eabi/10.3.1/thumb/v7e-m+fp/hard/crtbegin.o
 .ARM.attributes
                0x0000000000000052       0x34 ./Core/Src/main.o
 .ARM.attributes
                0x0000000000000086       0x34 ./Core/Src/stm32g4xx_hal_msp.o
 .ARM.attributes
                0x00000000000000ba       0x34 ./Core/Src/stm32g4xx_it.o
 .ARM.attributes
                0x00000000000000ee       0x34 ./Core/Src/system_stm32g4xx.o
 .ARM.attributes
                0x0000000000000122       0x21 ./Core/Startup/startup_stm32g431cbtx.o
 .ARM.attributes
                0x0000000000000143       0x34 ./Drivers/STM32G4xx_HAL_Driver/Src/stm32g4xx_hal.o
 .ARM.attributes
                0x0000000000000177       0x34 ./Drivers/STM32G4xx_HAL_Driver/Src/stm32g4xx_hal_adc.o
 .ARM.attributes
                0x00000000000001ab       0x34 ./Drivers/STM32G4xx_HAL_Driver/Src/stm32g4xx_hal_adc_ex.o
 .ARM.attributes
                0x00000000000001df       0x34 ./Drivers/STM32G4xx_HAL_Driver/Src/stm32g4xx_hal_cortex.o
 .ARM.attributes
                0x0000000000000213       0x34 ./Drivers/STM32G4xx_HAL_Driver/Src/stm32g4xx_hal_dac.o
 .ARM.attributes
                0x0000000000000247       0x34 ./Drivers/STM32G4xx_HAL_Driver/Src/stm32g4xx_hal_dac_ex.o
 .ARM.attributes
                0x000000000000027b       0x34 ./Drivers/STM32G4xx_HAL_Driver/Src/stm32g4xx_hal_dma.o
 .ARM.attributes
                0x00000000000002af       0x34 ./Drivers/STM32G4xx_HAL_Driver/Src/stm32g4xx_hal_fdcan.o
 .ARM.attributes
                0x00000000000002e3       0x34 ./Drivers/STM32G4xx_HAL_Driver/Src/stm32g4xx_hal_gpio.o
 .ARM.attributes
                0x0000000000000317       0x34 ./Drivers/STM32G4xx_HAL_Driver/Src/stm32g4xx_hal_i2c.o
 .ARM.attributes
                0x000000000000034b       0x34 ./Drivers/STM32G4xx_HAL_Driver/Src/stm32g4xx_hal_i2c_ex.o
 .ARM.attributes
                0x000000000000037f       0x34 ./Drivers/STM32G4xx_HAL_Driver/Src/stm32g4xx_hal_pwr_ex.o
 .ARM.attributes
                0x00000000000003b3       0x34 ./Drivers/STM32G4xx_HAL_Driver/Src/stm32g4xx_hal_rcc.o
 .ARM.attributes
                0x00000000000003e7       0x34 ./Drivers/STM32G4xx_HAL_Driver/Src/stm32g4xx_hal_rcc_ex.o
 .ARM.attributes
                0x000000000000041b       0x34 ./Drivers/STM32G4xx_HAL_Driver/Src/stm32g4xx_hal_tim.o
 .ARM.attributes
                0x000000000000044f       0x34 ./Drivers/STM32G4xx_HAL_Driver/Src/stm32g4xx_hal_tim_ex.o
 .ARM.attributes
                0x0000000000000483       0x34 ./Drivers/STM32G4xx_HAL_Driver/Src/stm32g4xx_hal_uart.o
 .ARM.attributes
                0x00000000000004b7       0x34 ./Drivers/STM32G4xx_HAL_Driver/Src/stm32g4xx_hal_uart_ex.o
 .ARM.attributes
                0x00000000000004eb       0x34 /opt/st/stm32cubeide_1.11.0/plugins/com.st.stm32cube.ide.mcu.externaltools.gnu-tools-for-stm32.10.3-2021.10.linux64_1.0.100.202210260954/tools/bin/../lib/gcc/arm-none-eabi/10.3.1/../../../../arm-none-eabi/lib/thumb/v7e-m+fp/hard/libc_nano.a(lib_a-init.o)
 .ARM.attributes
                0x000000000000051f       0x34 /opt/st/stm32cubeide_1.11.0/plugins/com.st.stm32cube.ide.mcu.externaltools.gnu-tools-for-stm32.10.3-2021.10.linux64_1.0.100.202210260954/tools/bin/../lib/gcc/arm-none-eabi/10.3.1/../../../../arm-none-eabi/lib/thumb/v7e-m+fp/hard/libc_nano.a(lib_a-memset.o)
 .ARM.attributes
                0x0000000000000553       0x1e /opt/st/stm32cubeide_1.11.0/plugins/com.st.stm32cube.ide.mcu.externaltools.gnu-tools-for-stm32.10.3-2021.10.linux64_1.0.100.202210260954/tools/bin/../lib/gcc/arm-none-eabi/10.3.1/thumb/v7e-m+fp/hard/libgcc.a(_aeabi_uldivmod.o)
 .ARM.attributes
                0x0000000000000571       0x34 /opt/st/stm32cubeide_1.11.0/plugins/com.st.stm32cube.ide.mcu.externaltools.gnu-tools-for-stm32.10.3-2021.10.linux64_1.0.100.202210260954/tools/bin/../lib/gcc/arm-none-eabi/10.3.1/thumb/v7e-m+fp/hard/libgcc.a(_udivmoddi4.o)
 .ARM.attributes
                0x00000000000005a5       0x1e /opt/st/stm32cubeide_1.11.0/plugins/com.st.stm32cube.ide.mcu.externaltools.gnu-tools-for-stm32.10.3-2021.10.linux64_1.0.100.202210260954/tools/bin/../lib/gcc/arm-none-eabi/10.3.1/thumb/v7e-m+fp/hard/libgcc.a(_dvmd_tls.o)
 .ARM.attributes
                0x00000000000005c3       0x1e /opt/st/stm32cubeide_1.11.0/plugins/com.st.stm32cube.ide.mcu.externaltools.gnu-tools-for-stm32.10.3-2021.10.linux64_1.0.100.202210260954/tools/bin/../lib/gcc/arm-none-eabi/10.3.1/thumb/v7e-m+fp/hard/crtn.o
OUTPUT(Autoleveller.elf elf32-littlearm)
LOAD linker stubs
LOAD /opt/st/stm32cubeide_1.11.0/plugins/com.st.stm32cube.ide.mcu.externaltools.gnu-tools-for-stm32.10.3-2021.10.linux64_1.0.100.202210260954/tools/bin/../lib/gcc/arm-none-eabi/10.3.1/../../../../arm-none-eabi/lib/thumb/v7e-m+fp/hard/libc.a
LOAD /opt/st/stm32cubeide_1.11.0/plugins/com.st.stm32cube.ide.mcu.externaltools.gnu-tools-for-stm32.10.3-2021.10.linux64_1.0.100.202210260954/tools/bin/../lib/gcc/arm-none-eabi/10.3.1/../../../../arm-none-eabi/lib/thumb/v7e-m+fp/hard/libm.a
LOAD /opt/st/stm32cubeide_1.11.0/plugins/com.st.stm32cube.ide.mcu.externaltools.gnu-tools-for-stm32.10.3-2021.10.linux64_1.0.100.202210260954/tools/bin/../lib/gcc/arm-none-eabi/10.3.1/thumb/v7e-m+fp/hard/libgcc.a

.debug_info     0x0000000000000000    0x2017f
 .debug_info    0x0000000000000000     0x2c83 ./Core/Src/main.o
 .debug_info    0x0000000000002c83     0x253b ./Core/Src/stm32g4xx_hal_msp.o
 .debug_info    0x00000000000051be     0x144c ./Core/Src/stm32g4xx_it.o
 .debug_info    0x000000000000660a      0x59f ./Core/Src/system_stm32g4xx.o
 .debug_info    0x0000000000006ba9       0x22 ./Core/Startup/startup_stm32g431cbtx.o
 .debug_info    0x0000000000006bcb      0xae3 ./Drivers/STM32G4xx_HAL_Driver/Src/stm32g4xx_hal.o
 .debug_info    0x00000000000076ae     0x213e ./Drivers/STM32G4xx_HAL_Driver/Src/stm32g4xx_hal_adc.o
 .debug_info    0x00000000000097ec     0x1e4b ./Drivers/STM32G4xx_HAL_Driver/Src/stm32g4xx_hal_adc_ex.o
 .debug_info    0x000000000000b637      0xdc4 ./Drivers/STM32G4xx_HAL_Driver/Src/stm32g4xx_hal_cortex.o
 .debug_info    0x000000000000c3fb      0xd17 ./Drivers/STM32G4xx_HAL_Driver/Src/stm32g4xx_hal_dac.o
 .debug_info    0x000000000000d112      0xdf9 ./Drivers/STM32G4xx_HAL_Driver/Src/stm32g4xx_hal_dac_ex.o
 .debug_info    0x000000000000df0b      0x8ee ./Drivers/STM32G4xx_HAL_Driver/Src/stm32g4xx_hal_dma.o
 .debug_info    0x000000000000e7f9     0x1964 ./Drivers/STM32G4xx_HAL_Driver/Src/stm32g4xx_hal_fdcan.o
 .debug_info    0x000000000001015d      0x82f ./Drivers/STM32G4xx_HAL_Driver/Src/stm32g4xx_hal_gpio.o
 .debug_info    0x000000000001098c     0x22ea ./Drivers/STM32G4xx_HAL_Driver/Src/stm32g4xx_hal_i2c.o
 .debug_info    0x0000000000012c76      0xb61 ./Drivers/STM32G4xx_HAL_Driver/Src/stm32g4xx_hal_i2c_ex.o
 .debug_info    0x00000000000137d7      0x983 ./Drivers/STM32G4xx_HAL_Driver/Src/stm32g4xx_hal_pwr_ex.o
 .debug_info    0x000000000001415a      0xc53 ./Drivers/STM32G4xx_HAL_Driver/Src/stm32g4xx_hal_rcc.o
 .debug_info    0x0000000000014dad      0xcfe ./Drivers/STM32G4xx_HAL_Driver/Src/stm32g4xx_hal_rcc_ex.o
 .debug_info    0x0000000000015aab     0x2e83 ./Drivers/STM32G4xx_HAL_Driver/Src/stm32g4xx_hal_tim.o
 .debug_info    0x000000000001892e     0x1eea ./Drivers/STM32G4xx_HAL_Driver/Src/stm32g4xx_hal_tim_ex.o
 .debug_info    0x000000000001a818     0x4936 ./Drivers/STM32G4xx_HAL_Driver/Src/stm32g4xx_hal_uart.o
 .debug_info    0x000000000001f14e     0x1031 ./Drivers/STM32G4xx_HAL_Driver/Src/stm32g4xx_hal_uart_ex.o

.debug_abbrev   0x0000000000000000     0x33a6
 .debug_abbrev  0x0000000000000000      0x378 ./Core/Src/main.o
 .debug_abbrev  0x0000000000000378      0x26e ./Core/Src/stm32g4xx_hal_msp.o
 .debug_abbrev  0x00000000000005e6      0x1e7 ./Core/Src/stm32g4xx_it.o
 .debug_abbrev  0x00000000000007cd      0x116 ./Core/Src/system_stm32g4xx.o
 .debug_abbrev  0x00000000000008e3       0x12 ./Core/Startup/startup_stm32g431cbtx.o
 .debug_abbrev  0x00000000000008f5      0x269 ./Drivers/STM32G4xx_HAL_Driver/Src/stm32g4xx_hal.o
 .debug_abbrev  0x0000000000000b5e      0x2bf ./Drivers/STM32G4xx_HAL_Driver/Src/stm32g4xx_hal_adc.o
 .debug_abbrev  0x0000000000000e1d      0x2da ./Drivers/STM32G4xx_HAL_Driver/Src/stm32g4xx_hal_adc_ex.o
 .debug_abbrev  0x00000000000010f7      0x30d ./Drivers/STM32G4xx_HAL_Driver/Src/stm32g4xx_hal_cortex.o
 .debug_abbrev  0x0000000000001404      0x206 ./Drivers/STM32G4xx_HAL_Driver/Src/stm32g4xx_hal_dac.o
 .debug_abbrev  0x000000000000160a      0x231 ./Drivers/STM32G4xx_HAL_Driver/Src/stm32g4xx_hal_dac_ex.o
 .debug_abbrev  0x000000000000183b      0x1d7 ./Drivers/STM32G4xx_HAL_Driver/Src/stm32g4xx_hal_dma.o
 .debug_abbrev  0x0000000000001a12      0x1d3 ./Drivers/STM32G4xx_HAL_Driver/Src/stm32g4xx_hal_fdcan.o
 .debug_abbrev  0x0000000000001be5      0x1bb ./Drivers/STM32G4xx_HAL_Driver/Src/stm32g4xx_hal_gpio.o
 .debug_abbrev  0x0000000000001da0      0x243 ./Drivers/STM32G4xx_HAL_Driver/Src/stm32g4xx_hal_i2c.o
 .debug_abbrev  0x0000000000001fe3      0x1b0 ./Drivers/STM32G4xx_HAL_Driver/Src/stm32g4xx_hal_i2c_ex.o
 .debug_abbrev  0x0000000000002193      0x229 ./Drivers/STM32G4xx_HAL_Driver/Src/stm32g4xx_hal_pwr_ex.o
 .debug_abbrev  0x00000000000023bc      0x2bd ./Drivers/STM32G4xx_HAL_Driver/Src/stm32g4xx_hal_rcc.o
 .debug_abbrev  0x0000000000002679      0x247 ./Drivers/STM32G4xx_HAL_Driver/Src/stm32g4xx_hal_rcc_ex.o
 .debug_abbrev  0x00000000000028c0      0x28e ./Drivers/STM32G4xx_HAL_Driver/Src/stm32g4xx_hal_tim.o
 .debug_abbrev  0x0000000000002b4e      0x2ab ./Drivers/STM32G4xx_HAL_Driver/Src/stm32g4xx_hal_tim_ex.o
 .debug_abbrev  0x0000000000002df9      0x2f0 ./Drivers/STM32G4xx_HAL_Driver/Src/stm32g4xx_hal_uart.o
 .debug_abbrev  0x00000000000030e9      0x2bd ./Drivers/STM32G4xx_HAL_Driver/Src/stm32g4xx_hal_uart_ex.o

.debug_aranges  0x0000000000000000     0x1b60
 .debug_aranges
                0x0000000000000000       0xd0 ./Core/Src/main.o
 .debug_aranges
                0x00000000000000d0       0x80 ./Core/Src/stm32g4xx_hal_msp.o
 .debug_aranges
                0x0000000000000150       0x98 ./Core/Src/stm32g4xx_it.o
 .debug_aranges
                0x00000000000001e8       0x28 ./Core/Src/system_stm32g4xx.o
 .debug_aranges
                0x0000000000000210       0x28 ./Core/Startup/startup_stm32g431cbtx.o
 .debug_aranges
                0x0000000000000238      0x130 ./Drivers/STM32G4xx_HAL_Driver/Src/stm32g4xx_hal.o
 .debug_aranges
                0x0000000000000368      0x248 ./Drivers/STM32G4xx_HAL_Driver/Src/stm32g4xx_hal_adc.o
 .debug_aranges
                0x00000000000005b0      0x1c0 ./Drivers/STM32G4xx_HAL_Driver/Src/stm32g4xx_hal_adc_ex.o
 .debug_aranges
                0x0000000000000770      0x118 ./Drivers/STM32G4xx_HAL_Driver/Src/stm32g4xx_hal_cortex.o
 .debug_aranges
                0x0000000000000888       0xc0 ./Drivers/STM32G4xx_HAL_Driver/Src/stm32g4xx_hal_dac.o
 .debug_aranges
                0x0000000000000948       0xc0 ./Drivers/STM32G4xx_HAL_Driver/Src/stm32g4xx_hal_dac_ex.o
 .debug_aranges
                0x0000000000000a08       0x90 ./Drivers/STM32G4xx_HAL_Driver/Src/stm32g4xx_hal_dma.o
 .debug_aranges
                0x0000000000000a98      0x208 ./Drivers/STM32G4xx_HAL_Driver/Src/stm32g4xx_hal_fdcan.o
 .debug_aranges
                0x0000000000000ca0       0x58 ./Drivers/STM32G4xx_HAL_Driver/Src/stm32g4xx_hal_gpio.o
 .debug_aranges
                0x0000000000000cf8      0x290 ./Drivers/STM32G4xx_HAL_Driver/Src/stm32g4xx_hal_i2c.o
 .debug_aranges
                0x0000000000000f88       0x48 ./Drivers/STM32G4xx_HAL_Driver/Src/stm32g4xx_hal_i2c_ex.o
 .debug_aranges
                0x0000000000000fd0      0x140 ./Drivers/STM32G4xx_HAL_Driver/Src/stm32g4xx_hal_pwr_ex.o
 .debug_aranges
                0x0000000000001110       0x98 ./Drivers/STM32G4xx_HAL_Driver/Src/stm32g4xx_hal_rcc.o
 .debug_aranges
                0x00000000000011a8       0xb0 ./Drivers/STM32G4xx_HAL_Driver/Src/stm32g4xx_hal_rcc_ex.o
 .debug_aranges
                0x0000000000001258      0x3e0 ./Drivers/STM32G4xx_HAL_Driver/Src/stm32g4xx_hal_tim.o
 .debug_aranges
                0x0000000000001638      0x240 ./Drivers/STM32G4xx_HAL_Driver/Src/stm32g4xx_hal_tim_ex.o
 .debug_aranges
                0x0000000000001878      0x248 ./Drivers/STM32G4xx_HAL_Driver/Src/stm32g4xx_hal_uart.o
 .debug_aranges
                0x0000000000001ac0       0xa0 ./Drivers/STM32G4xx_HAL_Driver/Src/stm32g4xx_hal_uart_ex.o

.debug_ranges   0x0000000000000000     0x1a28
 .debug_ranges  0x0000000000000000       0xc0 ./Core/Src/main.o
 .debug_ranges  0x00000000000000c0       0x70 ./Core/Src/stm32g4xx_hal_msp.o
 .debug_ranges  0x0000000000000130       0x88 ./Core/Src/stm32g4xx_it.o
 .debug_ranges  0x00000000000001b8       0x18 ./Core/Src/system_stm32g4xx.o
 .debug_ranges  0x00000000000001d0       0x20 ./Core/Startup/startup_stm32g431cbtx.o
 .debug_ranges  0x00000000000001f0      0x120 ./Drivers/STM32G4xx_HAL_Driver/Src/stm32g4xx_hal.o
 .debug_ranges  0x0000000000000310      0x238 ./Drivers/STM32G4xx_HAL_Driver/Src/stm32g4xx_hal_adc.o
 .debug_ranges  0x0000000000000548      0x1b0 ./Drivers/STM32G4xx_HAL_Driver/Src/stm32g4xx_hal_adc_ex.o
 .debug_ranges  0x00000000000006f8      0x108 ./Drivers/STM32G4xx_HAL_Driver/Src/stm32g4xx_hal_cortex.o
 .debug_ranges  0x0000000000000800       0xb0 ./Drivers/STM32G4xx_HAL_Driver/Src/stm32g4xx_hal_dac.o
 .debug_ranges  0x00000000000008b0       0xb0 ./Drivers/STM32G4xx_HAL_Driver/Src/stm32g4xx_hal_dac_ex.o
 .debug_ranges  0x0000000000000960       0x80 ./Drivers/STM32G4xx_HAL_Driver/Src/stm32g4xx_hal_dma.o
 .debug_ranges  0x00000000000009e0      0x1f8 ./Drivers/STM32G4xx_HAL_Driver/Src/stm32g4xx_hal_fdcan.o
 .debug_ranges  0x0000000000000bd8       0x48 ./Drivers/STM32G4xx_HAL_Driver/Src/stm32g4xx_hal_gpio.o
 .debug_ranges  0x0000000000000c20      0x280 ./Drivers/STM32G4xx_HAL_Driver/Src/stm32g4xx_hal_i2c.o
 .debug_ranges  0x0000000000000ea0       0x38 ./Drivers/STM32G4xx_HAL_Driver/Src/stm32g4xx_hal_i2c_ex.o
 .debug_ranges  0x0000000000000ed8      0x130 ./Drivers/STM32G4xx_HAL_Driver/Src/stm32g4xx_hal_pwr_ex.o
 .debug_ranges  0x0000000000001008       0x88 ./Drivers/STM32G4xx_HAL_Driver/Src/stm32g4xx_hal_rcc.o
 .debug_ranges  0x0000000000001090       0xa0 ./Drivers/STM32G4xx_HAL_Driver/Src/stm32g4xx_hal_rcc_ex.o
 .debug_ranges  0x0000000000001130      0x3d0 ./Drivers/STM32G4xx_HAL_Driver/Src/stm32g4xx_hal_tim.o
 .debug_ranges  0x0000000000001500      0x230 ./Drivers/STM32G4xx_HAL_Driver/Src/stm32g4xx_hal_tim_ex.o
 .debug_ranges  0x0000000000001730      0x268 ./Drivers/STM32G4xx_HAL_Driver/Src/stm32g4xx_hal_uart.o
 .debug_ranges  0x0000000000001998       0x90 ./Drivers/STM32G4xx_HAL_Driver/Src/stm32g4xx_hal_uart_ex.o

.debug_macro    0x0000000000000000    0x22289
 .debug_macro   0x0000000000000000      0x396 ./Core/Src/main.o
 .debug_macro   0x0000000000000396      0xa78 ./Core/Src/main.o
 .debug_macro   0x0000000000000e0e      0x173 ./Core/Src/main.o
 .debug_macro   0x0000000000000f81       0x2e ./Core/Src/main.o
 .debug_macro   0x0000000000000faf       0x28 ./Core/Src/main.o
 .debug_macro   0x0000000000000fd7       0x22 ./Core/Src/main.o
 .debug_macro   0x0000000000000ff9       0x8e ./Core/Src/main.o
 .debug_macro   0x0000000000001087       0x51 ./Core/Src/main.o
 .debug_macro   0x00000000000010d8      0x103 ./Core/Src/main.o
 .debug_macro   0x00000000000011db       0x6a ./Core/Src/main.o
 .debug_macro   0x0000000000001245      0x1df ./Core/Src/main.o
 .debug_macro   0x0000000000001424       0x1c ./Core/Src/main.o
 .debug_macro   0x0000000000001440       0x22 ./Core/Src/main.o
 .debug_macro   0x0000000000001462       0xfb ./Core/Src/main.o
 .debug_macro   0x000000000000155d     0x1011 ./Core/Src/main.o
 .debug_macro   0x000000000000256e      0x11f ./Core/Src/main.o
 .debug_macro   0x000000000000268d    0x11396 ./Core/Src/main.o
 .debug_macro   0x0000000000013a23       0x6d ./Core/Src/main.o
 .debug_macro   0x0000000000013a90     0x3554 ./Core/Src/main.o
 .debug_macro   0x0000000000016fe4      0x174 ./Core/Src/main.o
 .debug_macro   0x0000000000017158       0x5c ./Core/Src/main.o
 .debug_macro   0x00000000000171b4     0x141d ./Core/Src/main.o
 .debug_macro   0x00000000000185d1      0x535 ./Core/Src/main.o
 .debug_macro   0x0000000000018b06      0x1b6 ./Core/Src/main.o
 .debug_macro   0x0000000000018cbc      0x288 ./Core/Src/main.o
 .debug_macro   0x0000000000018f44      0x41d ./Core/Src/main.o
 .debug_macro   0x0000000000019361      0x18b ./Core/Src/main.o
 .debug_macro   0x00000000000194ec       0x43 ./Core/Src/main.o
 .debug_macro   0x000000000001952f      0x23d ./Core/Src/main.o
 .debug_macro   0x000000000001976c     0x10fd ./Core/Src/main.o
 .debug_macro   0x000000000001a869      0x72e ./Core/Src/main.o
 .debug_macro   0x000000000001af97      0x391 ./Core/Src/main.o
 .debug_macro   0x000000000001b328      0x202 ./Core/Src/main.o
 .debug_macro   0x000000000001b52a      0x108 ./Core/Src/main.o
 .debug_macro   0x000000000001b632      0x211 ./Core/Src/main.o
 .debug_macro   0x000000000001b843      0x6af ./Core/Src/main.o
 .debug_macro   0x000000000001bef2      0x401 ./Core/Src/main.o
 .debug_macro   0x000000000001c2f3      0x107 ./Core/Src/main.o
 .debug_macro   0x000000000001c3fa      0x22c ./Core/Src/main.o
 .debug_macro   0x000000000001c626       0x61 ./Core/Src/main.o
 .debug_macro   0x000000000001c687       0xa5 ./Core/Src/main.o
 .debug_macro   0x000000000001c72c      0x122 ./Core/Src/main.o
 .debug_macro   0x000000000001c84e      0x3d1 ./Core/Src/main.o
 .debug_macro   0x000000000001cc1f      0xbbe ./Core/Src/main.o
 .debug_macro   0x000000000001d7dd      0x47e ./Core/Src/main.o
 .debug_macro   0x000000000001dc5b      0x67e ./Core/Src/main.o
 .debug_macro   0x000000000001e2d9       0xa6 ./Core/Src/main.o
 .debug_macro   0x000000000001e37f      0x306 ./Core/Src/main.o
 .debug_macro   0x000000000001e685       0x94 ./Core/Src/main.o
 .debug_macro   0x000000000001e719       0x52 ./Core/Src/main.o
 .debug_macro   0x000000000001e76b       0x1e ./Core/Src/main.o
 .debug_macro   0x000000000001e789       0x3c ./Core/Src/main.o
 .debug_macro   0x000000000001e7c5       0x34 ./Core/Src/main.o
 .debug_macro   0x000000000001e7f9       0x16 ./Core/Src/main.o
 .debug_macro   0x000000000001e80f       0x35 ./Core/Src/main.o
 .debug_macro   0x000000000001e844      0x341 ./Core/Src/main.o
 .debug_macro   0x000000000001eb85       0x10 ./Core/Src/main.o
 .debug_macro   0x000000000001eb95       0x16 ./Core/Src/main.o
 .debug_macro   0x000000000001ebab       0x43 ./Core/Src/main.o
 .debug_macro   0x000000000001ebee       0x34 ./Core/Src/main.o
 .debug_macro   0x000000000001ec22       0x10 ./Core/Src/main.o
 .debug_macro   0x000000000001ec32       0x58 ./Core/Src/main.o
 .debug_macro   0x000000000001ec8a       0x71 ./Core/Src/main.o
 .debug_macro   0x000000000001ecfb       0x1c ./Core/Src/main.o
 .debug_macro   0x000000000001ed17      0x12a ./Core/Src/main.o
 .debug_macro   0x000000000001ee41       0x10 ./Core/Src/main.o
 .debug_macro   0x000000000001ee51       0x1c ./Core/Src/main.o
 .debug_macro   0x000000000001ee6d       0x52 ./Core/Src/main.o
 .debug_macro   0x000000000001eebf       0x22 ./Core/Src/main.o
 .debug_macro   0x000000000001eee1       0x10 ./Core/Src/main.o
 .debug_macro   0x000000000001eef1       0x52 ./Core/Src/main.o
 .debug_macro   0x000000000001ef43       0xd5 ./Core/Src/main.o
 .debug_macro   0x000000000001f018       0x1c ./Core/Src/main.o
 .debug_macro   0x000000000001f034       0x3d ./Core/Src/main.o
 .debug_macro   0x000000000001f071       0x16 ./Core/Src/main.o
 .debug_macro   0x000000000001f087      0x145 ./Core/Src/main.o
 .debug_macro   0x000000000001f1cc      0x237 ./Core/Src/stm32g4xx_hal_msp.o
 .debug_macro   0x000000000001f403      0x241 ./Core/Src/stm32g4xx_it.o
 .debug_macro   0x000000000001f644      0x228 ./Core/Src/system_stm32g4xx.o
 .debug_macro   0x000000000001f86c      0x276 ./Drivers/STM32G4xx_HAL_Driver/Src/stm32g4xx_hal.o
 .debug_macro   0x000000000001fae2      0x245 ./Drivers/STM32G4xx_HAL_Driver/Src/stm32g4xx_hal_adc.o
 .debug_macro   0x000000000001fd27      0x234 ./Drivers/STM32G4xx_HAL_Driver/Src/stm32g4xx_hal_adc_ex.o
 .debug_macro   0x000000000001ff5b      0x228 ./Drivers/STM32G4xx_HAL_Driver/Src/stm32g4xx_hal_cortex.o
 .debug_macro   0x0000000000020183      0x23e ./Drivers/STM32G4xx_HAL_Driver/Src/stm32g4xx_hal_dac.o
 .debug_macro   0x00000000000203c1      0x228 ./Drivers/STM32G4xx_HAL_Driver/Src/stm32g4xx_hal_dac_ex.o
 .debug_macro   0x00000000000205e9      0x228 ./Drivers/STM32G4xx_HAL_Driver/Src/stm32g4xx_hal_dma.o
 .debug_macro   0x0000000000020811      0x33a ./Drivers/STM32G4xx_HAL_Driver/Src/stm32g4xx_hal_fdcan.o
 .debug_macro   0x0000000000020b4b      0x22f ./Drivers/STM32G4xx_HAL_Driver/Src/stm32g4xx_hal_gpio.o
 .debug_macro   0x0000000000020d7a      0x2f4 ./Drivers/STM32G4xx_HAL_Driver/Src/stm32g4xx_hal_i2c.o
 .debug_macro   0x000000000002106e      0x228 ./Drivers/STM32G4xx_HAL_Driver/Src/stm32g4xx_hal_i2c_ex.o
 .debug_macro   0x0000000000021296      0x252 ./Drivers/STM32G4xx_HAL_Driver/Src/stm32g4xx_hal_pwr_ex.o
 .debug_macro   0x00000000000214e8      0x26a ./Drivers/STM32G4xx_HAL_Driver/Src/stm32g4xx_hal_rcc.o
 .debug_macro   0x0000000000021752      0x252 ./Drivers/STM32G4xx_HAL_Driver/Src/stm32g4xx_hal_rcc_ex.o
 .debug_macro   0x00000000000219a4      0x230 ./Drivers/STM32G4xx_HAL_Driver/Src/stm32g4xx_hal_tim.o
 .debug_macro   0x0000000000021bd4      0x22e ./Drivers/STM32G4xx_HAL_Driver/Src/stm32g4xx_hal_tim_ex.o
 .debug_macro   0x0000000000021e02      0x253 ./Drivers/STM32G4xx_HAL_Driver/Src/stm32g4xx_hal_uart.o
 .debug_macro   0x0000000000022055      0x234 ./Drivers/STM32G4xx_HAL_Driver/Src/stm32g4xx_hal_uart_ex.o

.debug_line     0x0000000000000000    0x1ddeb
 .debug_line    0x0000000000000000      0xfbf ./Core/Src/main.o
 .debug_line    0x0000000000000fbf      0xa8b ./Core/Src/stm32g4xx_hal_msp.o
 .debug_line    0x0000000000001a4a      0x8e8 ./Core/Src/stm32g4xx_it.o
 .debug_line    0x0000000000002332      0x7e6 ./Core/Src/system_stm32g4xx.o
 .debug_line    0x0000000000002b18       0x89 ./Core/Startup/startup_stm32g431cbtx.o
 .debug_line    0x0000000000002ba1      0xb5d ./Drivers/STM32G4xx_HAL_Driver/Src/stm32g4xx_hal.o
 .debug_line    0x00000000000036fe     0x1ef8 ./Drivers/STM32G4xx_HAL_Driver/Src/stm32g4xx_hal_adc.o
 .debug_line    0x00000000000055f6     0x195b ./Drivers/STM32G4xx_HAL_Driver/Src/stm32g4xx_hal_adc_ex.o
 .debug_line    0x0000000000006f51      0xd10 ./Drivers/STM32G4xx_HAL_Driver/Src/stm32g4xx_hal_cortex.o
 .debug_line    0x0000000000007c61      0xcfe ./Drivers/STM32G4xx_HAL_Driver/Src/stm32g4xx_hal_dac.o
 .debug_line    0x000000000000895f      0xd03 ./Drivers/STM32G4xx_HAL_Driver/Src/stm32g4xx_hal_dac_ex.o
 .debug_line    0x0000000000009662      0xec9 ./Drivers/STM32G4xx_HAL_Driver/Src/stm32g4xx_hal_dma.o
 .debug_line    0x000000000000a52b     0x18c6 ./Drivers/STM32G4xx_HAL_Driver/Src/stm32g4xx_hal_fdcan.o
 .debug_line    0x000000000000bdf1      0xba0 ./Drivers/STM32G4xx_HAL_Driver/Src/stm32g4xx_hal_gpio.o
 .debug_line    0x000000000000c991     0x3404 ./Drivers/STM32G4xx_HAL_Driver/Src/stm32g4xx_hal_i2c.o
 .debug_line    0x000000000000fd95      0x99a ./Drivers/STM32G4xx_HAL_Driver/Src/stm32g4xx_hal_i2c_ex.o
 .debug_line    0x000000000001072f      0xd14 ./Drivers/STM32G4xx_HAL_Driver/Src/stm32g4xx_hal_pwr_ex.o
 .debug_line    0x0000000000011443      0xf73 ./Drivers/STM32G4xx_HAL_Driver/Src/stm32g4xx_hal_rcc.o
 .debug_line    0x00000000000123b6     0x1136 ./Drivers/STM32G4xx_HAL_Driver/Src/stm32g4xx_hal_rcc_ex.o
 .debug_line    0x00000000000134ec     0x3e64 ./Drivers/STM32G4xx_HAL_Driver/Src/stm32g4xx_hal_tim.o
 .debug_line    0x0000000000017350     0x20e0 ./Drivers/STM32G4xx_HAL_Driver/Src/stm32g4xx_hal_tim_ex.o
 .debug_line    0x0000000000019430     0x3bb3 ./Drivers/STM32G4xx_HAL_Driver/Src/stm32g4xx_hal_uart.o
 .debug_line    0x000000000001cfe3      0xe08 ./Drivers/STM32G4xx_HAL_Driver/Src/stm32g4xx_hal_uart_ex.o

.debug_str      0x0000000000000000    0xe6342
 .debug_str     0x0000000000000000    0xde91c ./Core/Src/main.o
                                      0xdf0de (size before relaxing)
 .debug_str     0x00000000000de91c      0x30d ./Core/Src/stm32g4xx_hal_msp.o
                                      0xdade8 (size before relaxing)
 .debug_str     0x00000000000dec29      0x1b7 ./Core/Src/stm32g4xx_it.o
                                      0xda180 (size before relaxing)
 .debug_str     0x00000000000dede0       0xdb ./Core/Src/system_stm32g4xx.o
                                      0xd92b4 (size before relaxing)
 .debug_str     0x00000000000deebb       0x36 ./Core/Startup/startup_stm32g431cbtx.o
                                         0x74 (size before relaxing)
 .debug_str     0x00000000000deef1      0x5a8 ./Drivers/STM32G4xx_HAL_Driver/Src/stm32g4xx_hal.o
                                      0xd9dcc (size before relaxing)
 .debug_str     0x00000000000df499      0xad8 ./Drivers/STM32G4xx_HAL_Driver/Src/stm32g4xx_hal_adc.o
                                      0xda305 (size before relaxing)
 .debug_str     0x00000000000dff71      0x624 ./Drivers/STM32G4xx_HAL_Driver/Src/stm32g4xx_hal_adc_ex.o
                                      0xda27b (size before relaxing)
 .debug_str     0x00000000000e0595      0x31d ./Drivers/STM32G4xx_HAL_Driver/Src/stm32g4xx_hal_cortex.o
                                      0xd9a77 (size before relaxing)
 .debug_str     0x00000000000e08b2      0x266 ./Drivers/STM32G4xx_HAL_Driver/Src/stm32g4xx_hal_dac.o
                                      0xd9963 (size before relaxing)
 .debug_str     0x00000000000e0b18      0x25f ./Drivers/STM32G4xx_HAL_Driver/Src/stm32g4xx_hal_dac_ex.o
                                      0xd997f (size before relaxing)
 .debug_str     0x00000000000e0d77      0x278 ./Drivers/STM32G4xx_HAL_Driver/Src/stm32g4xx_hal_dma.o
                                      0xd968e (size before relaxing)
 .debug_str     0x00000000000e0fef     0x12f8 ./Drivers/STM32G4xx_HAL_Driver/Src/stm32g4xx_hal_fdcan.o
                                      0xda84d (size before relaxing)
 .debug_str     0x00000000000e22e7      0x110 ./Drivers/STM32G4xx_HAL_Driver/Src/stm32g4xx_hal_gpio.o
                                      0xd943f (size before relaxing)
 .debug_str     0x00000000000e23f7      0xd87 ./Drivers/STM32G4xx_HAL_Driver/Src/stm32g4xx_hal_i2c.o
                                      0xda582 (size before relaxing)
 .debug_str     0x00000000000e317e       0xb8 ./Drivers/STM32G4xx_HAL_Driver/Src/stm32g4xx_hal_i2c_ex.o
                                      0xd98e7 (size before relaxing)
 .debug_str     0x00000000000e3236      0x4b6 ./Drivers/STM32G4xx_HAL_Driver/Src/stm32g4xx_hal_pwr_ex.o
                                      0xd97a2 (size before relaxing)
 .debug_str     0x00000000000e36ec      0x4c1 ./Drivers/STM32G4xx_HAL_Driver/Src/stm32g4xx_hal_rcc.o
                                      0xd99ad (size before relaxing)
 .debug_str     0x00000000000e3bad      0x3f9 ./Drivers/STM32G4xx_HAL_Driver/Src/stm32g4xx_hal_rcc_ex.o
                                      0xd99ae (size before relaxing)
 .debug_str     0x00000000000e3fa6      0xf0d ./Drivers/STM32G4xx_HAL_Driver/Src/stm32g4xx_hal_tim.o
                                      0xda7a2 (size before relaxing)
 .debug_str     0x00000000000e4eb3      0x8f7 ./Drivers/STM32G4xx_HAL_Driver/Src/stm32g4xx_hal_tim_ex.o
                                      0xda426 (size before relaxing)
 .debug_str     0x00000000000e57aa      0x94e ./Drivers/STM32G4xx_HAL_Driver/Src/stm32g4xx_hal_uart.o
                                      0xda247 (size before relaxing)
 .debug_str     0x00000000000e60f8      0x24a ./Drivers/STM32G4xx_HAL_Driver/Src/stm32g4xx_hal_uart_ex.o
                                      0xd9a2b (size before relaxing)

.comment        0x0000000000000000       0x50
 .comment       0x0000000000000000       0x50 ./Core/Src/main.o
                                         0x51 (size before relaxing)
 .comment       0x0000000000000050       0x51 ./Core/Src/stm32g4xx_hal_msp.o
 .comment       0x0000000000000050       0x51 ./Core/Src/stm32g4xx_it.o
 .comment       0x0000000000000050       0x51 ./Core/Src/system_stm32g4xx.o
 .comment       0x0000000000000050       0x51 ./Drivers/STM32G4xx_HAL_Driver/Src/stm32g4xx_hal.o
 .comment       0x0000000000000050       0x51 ./Drivers/STM32G4xx_HAL_Driver/Src/stm32g4xx_hal_adc.o
 .comment       0x0000000000000050       0x51 ./Drivers/STM32G4xx_HAL_Driver/Src/stm32g4xx_hal_adc_ex.o
 .comment       0x0000000000000050       0x51 ./Drivers/STM32G4xx_HAL_Driver/Src/stm32g4xx_hal_cortex.o
 .comment       0x0000000000000050       0x51 ./Drivers/STM32G4xx_HAL_Driver/Src/stm32g4xx_hal_dac.o
 .comment       0x0000000000000050       0x51 ./Drivers/STM32G4xx_HAL_Driver/Src/stm32g4xx_hal_dac_ex.o
 .comment       0x0000000000000050       0x51 ./Drivers/STM32G4xx_HAL_Driver/Src/stm32g4xx_hal_dma.o
 .comment       0x0000000000000050       0x51 ./Drivers/STM32G4xx_HAL_Driver/Src/stm32g4xx_hal_fdcan.o
 .comment       0x0000000000000050       0x51 ./Drivers/STM32G4xx_HAL_Driver/Src/stm32g4xx_hal_gpio.o
 .comment       0x0000000000000050       0x51 ./Drivers/STM32G4xx_HAL_Driver/Src/stm32g4xx_hal_i2c.o
 .comment       0x0000000000000050       0x51 ./Drivers/STM32G4xx_HAL_Driver/Src/stm32g4xx_hal_i2c_ex.o
 .comment       0x0000000000000050       0x51 ./Drivers/STM32G4xx_HAL_Driver/Src/stm32g4xx_hal_pwr_ex.o
 .comment       0x0000000000000050       0x51 ./Drivers/STM32G4xx_HAL_Driver/Src/stm32g4xx_hal_rcc.o
 .comment       0x0000000000000050       0x51 ./Drivers/STM32G4xx_HAL_Driver/Src/stm32g4xx_hal_rcc_ex.o
 .comment       0x0000000000000050       0x51 ./Drivers/STM32G4xx_HAL_Driver/Src/stm32g4xx_hal_tim.o
 .comment       0x0000000000000050       0x51 ./Drivers/STM32G4xx_HAL_Driver/Src/stm32g4xx_hal_tim_ex.o
 .comment       0x0000000000000050       0x51 ./Drivers/STM32G4xx_HAL_Driver/Src/stm32g4xx_hal_uart.o
 .comment       0x0000000000000050       0x51 ./Drivers/STM32G4xx_HAL_Driver/Src/stm32g4xx_hal_uart_ex.o

.debug_frame    0x0000000000000000     0x7838
 .debug_frame   0x0000000000000000      0x334 ./Core/Src/main.o
 .debug_frame   0x0000000000000334      0x1e4 ./Core/Src/stm32g4xx_hal_msp.o
 .debug_frame   0x0000000000000518      0x1c8 ./Core/Src/stm32g4xx_it.o
 .debug_frame   0x00000000000006e0       0x58 ./Core/Src/system_stm32g4xx.o
 .debug_frame   0x0000000000000738      0x4a0 ./Drivers/STM32G4xx_HAL_Driver/Src/stm32g4xx_hal.o
 .debug_frame   0x0000000000000bd8      0xacc ./Drivers/STM32G4xx_HAL_Driver/Src/stm32g4xx_hal_adc.o
 .debug_frame   0x00000000000016a4      0x81c ./Drivers/STM32G4xx_HAL_Driver/Src/stm32g4xx_hal_adc_ex.o
 .debug_frame   0x0000000000001ec0      0x498 ./Drivers/STM32G4xx_HAL_Driver/Src/stm32g4xx_hal_cortex.o
 .debug_frame   0x0000000000002358      0x330 ./Drivers/STM32G4xx_HAL_Driver/Src/stm32g4xx_hal_dac.o
 .debug_frame   0x0000000000002688      0x33c ./Drivers/STM32G4xx_HAL_Driver/Src/stm32g4xx_hal_dac_ex.o
 .debug_frame   0x00000000000029c4      0x24c ./Drivers/STM32G4xx_HAL_Driver/Src/stm32g4xx_hal_dma.o
 .debug_frame   0x0000000000002c10      0x9b0 ./Drivers/STM32G4xx_HAL_Driver/Src/stm32g4xx_hal_fdcan.o
 .debug_frame   0x00000000000035c0      0x14c ./Drivers/STM32G4xx_HAL_Driver/Src/stm32g4xx_hal_gpio.o
 .debug_frame   0x000000000000370c      0xbe8 ./Drivers/STM32G4xx_HAL_Driver/Src/stm32g4xx_hal_i2c.o
 .debug_frame   0x00000000000042f4      0x100 ./Drivers/STM32G4xx_HAL_Driver/Src/stm32g4xx_hal_i2c_ex.o
 .debug_frame   0x00000000000043f4      0x4fc ./Drivers/STM32G4xx_HAL_Driver/Src/stm32g4xx_hal_pwr_ex.o
 .debug_frame   0x00000000000048f0      0x23c ./Drivers/STM32G4xx_HAL_Driver/Src/stm32g4xx_hal_rcc.o
 .debug_frame   0x0000000000004b2c      0x2ac ./Drivers/STM32G4xx_HAL_Driver/Src/stm32g4xx_hal_rcc_ex.o
 .debug_frame   0x0000000000004dd8     0x121c ./Drivers/STM32G4xx_HAL_Driver/Src/stm32g4xx_hal_tim.o
 .debug_frame   0x0000000000005ff4      0xa68 ./Drivers/STM32G4xx_HAL_Driver/Src/stm32g4xx_hal_tim_ex.o
 .debug_frame   0x0000000000006a5c      0xa94 ./Drivers/STM32G4xx_HAL_Driver/Src/stm32g4xx_hal_uart.o
 .debug_frame   0x00000000000074f0      0x29c ./Drivers/STM32G4xx_HAL_Driver/Src/stm32g4xx_hal_uart_ex.o
 .debug_frame   0x000000000000778c       0x2c /opt/st/stm32cubeide_1.11.0/plugins/com.st.stm32cube.ide.mcu.externaltools.gnu-tools-for-stm32.10.3-2021.10.linux64_1.0.100.202210260954/tools/bin/../lib/gcc/arm-none-eabi/10.3.1/../../../../arm-none-eabi/lib/thumb/v7e-m+fp/hard/libc_nano.a(lib_a-init.o)
 .debug_frame   0x00000000000077b8       0x20 /opt/st/stm32cubeide_1.11.0/plugins/com.st.stm32cube.ide.mcu.externaltools.gnu-tools-for-stm32.10.3-2021.10.linux64_1.0.100.202210260954/tools/bin/../lib/gcc/arm-none-eabi/10.3.1/../../../../arm-none-eabi/lib/thumb/v7e-m+fp/hard/libc_nano.a(lib_a-memset.o)
 .debug_frame   0x00000000000077d8       0x2c /opt/st/stm32cubeide_1.11.0/plugins/com.st.stm32cube.ide.mcu.externaltools.gnu-tools-for-stm32.10.3-2021.10.linux64_1.0.100.202210260954/tools/bin/../lib/gcc/arm-none-eabi/10.3.1/thumb/v7e-m+fp/hard/libgcc.a(_aeabi_uldivmod.o)
 .debug_frame   0x0000000000007804       0x34 /opt/st/stm32cubeide_1.11.0/plugins/com.st.stm32cube.ide.mcu.externaltools.gnu-tools-for-stm32.10.3-2021.10.linux64_1.0.100.202210260954/tools/bin/../lib/gcc/arm-none-eabi/10.3.1/thumb/v7e-m+fp/hard/libgcc.a(_udivmoddi4.o)