../Core/Src/main.c:88:6:HAL_GPIO_EXTI_Callback	6
../Core/Src/main.c:118:6:HAL_ADC_ConvCpltCallback	3
../Core/Src/main.c:145:5:main	1
../Core/Src/main.c:203:6:SystemClock_Config	3
../Core/Src/main.c:250:13:MX_ADC1_Init	4
../Core/Src/main.c:320:13:MX_ADC2_Init	3
../Core/Src/main.c:377:13:MX_FDCAN1_Init	2
../Core/Src/main.c:420:13:MX_I2C1_Init	4
../Core/Src/main.c:468:13:MX_USART3_UART_Init	5
../Core/Src/main.c:514:13:MX_DMA_Init	1
../Core/Src/main.c:533:13:MX_GPIO_Init	1
../Core/Src/main.c:619:6:Error_Handler	1
