../Core/Src/main.c:88:6:HAL_GPIO_EXTI_Callback	24	static
../Core/Src/main.c:118:6:HAL_ADC_ConvCpltCallback	24	static
../Core/Src/main.c:145:5:main	8	static
../Core/Src/main.c:202:6:SystemClock_Config	88	static
../Core/Src/main.c:249:13:MX_ADC1_Init	56	static
../Core/Src/main.c:319:13:MX_ADC2_Init	40	static
../Core/Src/main.c:376:13:MX_FDCAN1_Init	8	static
../Core/Src/main.c:419:13:MX_I2C1_Init	8	static
../Core/Src/main.c:467:13:MX_USART3_UART_Init	8	static
../Core/Src/main.c:513:13:MX_DMA_Init	16	static
../Core/Src/main.c:532:13:MX_GPIO_Init	48	static
../Core/Src/main.c:618:6:Error_Handler	4	static,ignoring_inline_asm
