../Core/Src/main.c:88:6:HAL_GPIO_EXTI_Callback	6
../Core/Src/main.c:118:6:HAL_ADC_ConvCpltCallback	3
../Core/Src/main.c:145:5:main	2
../Core/Src/main.c:212:6:SystemClock_Config	3
../Core/Src/main.c:259:13:MX_ADC1_Init	4
../Core/Src/main.c:329:13:MX_ADC2_Init	3
../Core/Src/main.c:386:13:MX_FDCAN1_Init	2
../Core/Src/main.c:429:13:MX_I2C1_Init	4
../Core/Src/main.c:477:13:MX_USART3_UART_Init	5
../Core/Src/main.c:523:13:MX_DMA_Init	1
../Core/Src/main.c:542:13:MX_GPIO_Init	1
../Core/Src/main.c:622:6:Error_Handler	1
