../Core/Src/main.c:136:6:HAL_TIM_PeriodElapsedCallback	16	static
../Core/Src/main.c:147:9:Log_DataToBufferReadable	24	static
../Core/Src/main.c:158:6:HAL_GPIO_EXTI_Callback	32	static
../Core/Src/main.c:197:6:HAL_ADC_ConvCpltCallback	64	static
../Core/Src/main.c:243:6:StoreAutoLevellerValues	24	static
../Core/Src/main.c:265:6:DraftCalculation	4	static
../Core/Src/main.c:277:6:BrRPMCalculation	4	static
../Core/Src/main.c:291:6:HAL_UART_TxHalfCpltCallback	16	static
../Core/Src/main.c:295:6:HAL_UART_TxCpltCallback	16	static
../Core/Src/main.c:305:9:Log_DataToBufferFast	16	static
../Core/Src/main.c:316:9:Log_CLDataToBuffer	16	static
../Core/Src/main.c:323:5:itoaFast	56	static
../Core/Src/main.c:356:5:main	16	static
../Core/Src/main.c:454:6:SystemClock_Config	88	static
../Core/Src/main.c:501:13:MX_ADC1_Init	56	static
../Core/Src/main.c:571:13:MX_ADC2_Init	40	static
../Core/Src/main.c:628:13:MX_DAC1_Init	56	static
../Core/Src/main.c:675:13:MX_FDCAN1_Init	8	static
../Core/Src/main.c:718:13:MX_I2C1_Init	8	static
../Core/Src/main.c:766:13:MX_TIM6_Init	24	static
../Core/Src/main.c:804:13:MX_TIM7_Init	24	static
../Core/Src/main.c:842:13:MX_TIM17_Init	8	static
../Core/Src/main.c:874:13:MX_USART3_UART_Init	8	static
../Core/Src/main.c:920:13:MX_DMA_Init	16	static
../Core/Src/main.c:942:13:MX_GPIO_Init	48	static
../Core/Src/main.c:1021:6:Error_Handler	4	static,ignoring_inline_asm
